Archive member included to satisfy reference by file (symbol)

/opt/gcc-arm-none-eabi-9-2020-q2-update/bin/../lib/gcc/arm-none-eabi/9.3.1/thumb/v7e-m+fp/hard/libgcc.a(_arm_muldf3.o)
                              /home/ic/work/qf_apps/qf_helloworldhw/GCC_Project/output/ql_test_signals.o (__aeabi_dmul)
/opt/gcc-arm-none-eabi-9-2020-q2-update/bin/../lib/gcc/arm-none-eabi/9.3.1/thumb/v7e-m+fp/hard/libgcc.a(_arm_addsubdf3.o)
                              /home/ic/work/qf_apps/qf_helloworldhw/GCC_Project/output/ql_test_signals.o (__aeabi_dadd)
/opt/gcc-arm-none-eabi-9-2020-q2-update/bin/../lib/gcc/arm-none-eabi/9.3.1/thumb/v7e-m+fp/hard/libgcc.a(_arm_muldivdf3.o)
                              /home/ic/work/qf_apps/qf_helloworldhw/GCC_Project/output/eoss3_hal_i2c.o (__aeabi_ddiv)
/opt/gcc-arm-none-eabi-9-2020-q2-update/bin/../lib/gcc/arm-none-eabi/9.3.1/thumb/v7e-m+fp/hard/libgcc.a(_arm_fixdfsi.o)
                              /home/ic/work/qf_apps/qf_helloworldhw/GCC_Project/output/ql_test_signals.o (__aeabi_d2iz)
/opt/gcc-arm-none-eabi-9-2020-q2-update/bin/../lib/gcc/arm-none-eabi/9.3.1/thumb/v7e-m+fp/hard/libgcc.a(_arm_truncdfsf2.o)
                              /home/ic/work/qf_apps/qf_helloworldhw/GCC_Project/output/eoss3_hal_i2c.o (__aeabi_d2f)
/opt/gcc-arm-none-eabi-9-2020-q2-update/bin/../lib/gcc/arm-none-eabi/9.3.1/thumb/v7e-m+fp/hard/libgcc.a(_aeabi_ldivmod.o)
                              /home/ic/work/qf_apps/qf_helloworldhw/GCC_Project/output/dbg_uart.o (__aeabi_ldivmod)
/opt/gcc-arm-none-eabi-9-2020-q2-update/bin/../lib/gcc/arm-none-eabi/9.3.1/thumb/v7e-m+fp/hard/libgcc.a(_aeabi_uldivmod.o)
                              /home/ic/work/qf_apps/qf_helloworldhw/GCC_Project/output/s3x_lpm.o (__aeabi_uldivmod)
/opt/gcc-arm-none-eabi-9-2020-q2-update/bin/../lib/gcc/arm-none-eabi/9.3.1/thumb/v7e-m+fp/hard/libgcc.a(_udivmoddi4.o)
                              /opt/gcc-arm-none-eabi-9-2020-q2-update/bin/../lib/gcc/arm-none-eabi/9.3.1/thumb/v7e-m+fp/hard/libgcc.a(_aeabi_ldivmod.o) (__udivmoddi4)
/opt/gcc-arm-none-eabi-9-2020-q2-update/bin/../lib/gcc/arm-none-eabi/9.3.1/thumb/v7e-m+fp/hard/libgcc.a(_dvmd_tls.o)
                              /opt/gcc-arm-none-eabi-9-2020-q2-update/bin/../lib/gcc/arm-none-eabi/9.3.1/thumb/v7e-m+fp/hard/libgcc.a(_aeabi_ldivmod.o) (__aeabi_ldiv0)
/opt/gcc-arm-none-eabi-9-2020-q2-update/bin/../lib/gcc/arm-none-eabi/9.3.1/../../../../arm-none-eabi/lib/thumb/v7e-m+fp/hard/libg_nano.a(lib_a-exit.o)
                              /opt/gcc-arm-none-eabi-9-2020-q2-update/bin/../lib/gcc/arm-none-eabi/9.3.1/../../../../arm-none-eabi/lib/thumb/v7e-m+fp/hard/crt0.o (exit)
/opt/gcc-arm-none-eabi-9-2020-q2-update/bin/../lib/gcc/arm-none-eabi/9.3.1/../../../../arm-none-eabi/lib/thumb/v7e-m+fp/hard/libg_nano.a(lib_a-impure.o)
                              /opt/gcc-arm-none-eabi-9-2020-q2-update/bin/../lib/gcc/arm-none-eabi/9.3.1/../../../../arm-none-eabi/lib/thumb/v7e-m+fp/hard/libg_nano.a(lib_a-exit.o) (_global_impure_ptr)
/opt/gcc-arm-none-eabi-9-2020-q2-update/bin/../lib/gcc/arm-none-eabi/9.3.1/../../../../arm-none-eabi/lib/thumb/v7e-m+fp/hard/libg_nano.a(lib_a-init.o)
                              /opt/gcc-arm-none-eabi-9-2020-q2-update/bin/../lib/gcc/arm-none-eabi/9.3.1/../../../../arm-none-eabi/lib/thumb/v7e-m+fp/hard/crt0.o (__libc_init_array)
/opt/gcc-arm-none-eabi-9-2020-q2-update/bin/../lib/gcc/arm-none-eabi/9.3.1/../../../../arm-none-eabi/lib/thumb/v7e-m+fp/hard/libg_nano.a(lib_a-malloc.o)
                              /home/ic/work/qf_apps/qf_helloworldhw/GCC_Project/output/circularBuffQueue.o (malloc)
/opt/gcc-arm-none-eabi-9-2020-q2-update/bin/../lib/gcc/arm-none-eabi/9.3.1/../../../../arm-none-eabi/lib/thumb/v7e-m+fp/hard/libg_nano.a(lib_a-memcpy-stub.o)
                              /home/ic/work/qf_apps/qf_helloworldhw/GCC_Project/output/cli_args.o (memcpy)
/opt/gcc-arm-none-eabi-9-2020-q2-update/bin/../lib/gcc/arm-none-eabi/9.3.1/../../../../arm-none-eabi/lib/thumb/v7e-m+fp/hard/libg_nano.a(lib_a-memset.o)
                              /opt/gcc-arm-none-eabi-9-2020-q2-update/bin/../lib/gcc/arm-none-eabi/9.3.1/../../../../arm-none-eabi/lib/thumb/v7e-m+fp/hard/crt0.o (memset)
/opt/gcc-arm-none-eabi-9-2020-q2-update/bin/../lib/gcc/arm-none-eabi/9.3.1/../../../../arm-none-eabi/lib/thumb/v7e-m+fp/hard/libg_nano.a(lib_a-nano-freer.o)
                              /opt/gcc-arm-none-eabi-9-2020-q2-update/bin/../lib/gcc/arm-none-eabi/9.3.1/../../../../arm-none-eabi/lib/thumb/v7e-m+fp/hard/libg_nano.a(lib_a-malloc.o) (_free_r)
/opt/gcc-arm-none-eabi-9-2020-q2-update/bin/../lib/gcc/arm-none-eabi/9.3.1/../../../../arm-none-eabi/lib/thumb/v7e-m+fp/hard/libg_nano.a(lib_a-nano-mallocr.o)
                              /opt/gcc-arm-none-eabi-9-2020-q2-update/bin/../lib/gcc/arm-none-eabi/9.3.1/../../../../arm-none-eabi/lib/thumb/v7e-m+fp/hard/libg_nano.a(lib_a-malloc.o) (_malloc_r)
[...]
Memory Configuration

Name             Origin             Length             Attributes
rom              0x0000000000000000 0x0000000000027000 xr
ram              0x0000000020027000 0x000000000003c800 xrw
spiram           0x0000000020063800 0x0000000000000800 rw
HWA              0x0000000020064000 0x0000000000018000 rw
shm              0x000000002007c000 0x0000000000004000
*default*        0x0000000000000000 0xffffffffffffffff

Linker script and memory map

LOAD /opt/gcc-arm-none-eabi-9-2020-q2-update/bin/../lib/gcc/arm-none-eabi/9.3.1/thumb/v7e-m+fp/hard/crti.o
LOAD /opt/gcc-arm-none-eabi-9-2020-q2-update/bin/../lib/gcc/arm-none-eabi/9.3.1/thumb/v7e-m+fp/hard/crtbegin.o
LOAD /opt/gcc-arm-none-eabi-9-2020-q2-update/bin/../lib/gcc/arm-none-eabi/9.3.1/../../../../arm-none-eabi/lib/thumb/v7e-m+fp/hard/crt0.o
LOAD /home/ic/work/qf_apps/qf_helloworldhw/GCC_Project/output/c_lib_retarget.o
LOAD /home/ic/work/qf_apps/qf_helloworldhw/GCC_Project/output/circularBuffQueue.o
LOAD /home/ic/work/qf_apps/qf_helloworldhw/GCC_Project/output/cli_args.o
LOAD /home/ic/work/qf_apps/qf_helloworldhw/GCC_Project/output/cli_hexdump.o
LOAD /home/ic/work/qf_apps/qf_helloworldhw/GCC_Project/output/cli_io.o
LOAD /home/ic/work/qf_apps/qf_helloworldhw/GCC_Project/output/cli_loop.o
LOAD /home/ic/work/qf_apps/qf_helloworldhw/GCC_Project/output/cli_misc.o
LOAD /home/ic/work/qf_apps/qf_helloworldhw/GCC_Project/output/cli_platform.o
LOAD /home/ic/work/qf_apps/qf_helloworldhw/GCC_Project/output/cli_stdcmds.o
LOAD /home/ic/work/qf_apps/qf_helloworldhw/GCC_Project/output/crc16.o
LOAD /home/ic/work/qf_apps/qf_helloworldhw/GCC_Project/output/crc32.o
LOAD /home/ic/work/qf_apps/qf_helloworldhw/GCC_Project/output/croutine.o
LOAD /home/ic/work/qf_apps/qf_helloworldhw/GCC_Project/output/dbg_bufferedprinttask.o
LOAD /home/ic/work/qf_apps/qf_helloworldhw/GCC_Project/output/dbg_queue_monitor.o
LOAD /home/ic/work/qf_apps/qf_helloworldhw/GCC_Project/output/dbg_uart.o
LOAD /home/ic/work/qf_apps/qf_helloworldhw/GCC_Project/output/dbgtrace.o
LOAD /home/ic/work/qf_apps/qf_helloworldhw/GCC_Project/output/eoss3_hal_adc.o
LOAD /home/ic/work/qf_apps/qf_helloworldhw/GCC_Project/output/eoss3_hal_gpio.o
LOAD /home/ic/work/qf_apps/qf_helloworldhw/GCC_Project/output/eoss3_hal_i2c.o
LOAD /home/ic/work/qf_apps/qf_helloworldhw/GCC_Project/output/eoss3_hal_i2s.o
LOAD /home/ic/work/qf_apps/qf_helloworldhw/GCC_Project/output/eoss3_hal_i2s_slave_assp.o
LOAD /home/ic/work/qf_apps/qf_helloworldhw/GCC_Project/output/eoss3_hal_pad_config.o
LOAD /home/ic/work/qf_apps/qf_helloworldhw/GCC_Project/output/eoss3_hal_pkfb.o
LOAD /home/ic/work/qf_apps/qf_helloworldhw/GCC_Project/output/eoss3_hal_rtc.o
LOAD /home/ic/work/qf_apps/qf_helloworldhw/GCC_Project/output/eoss3_hal_sdma.o
LOAD /home/ic/work/qf_apps/qf_helloworldhw/GCC_Project/output/eoss3_hal_spi.o
LOAD /home/ic/work/qf_apps/qf_helloworldhw/GCC_Project/output/eoss3_hal_timer.o
LOAD /home/ic/work/qf_apps/qf_helloworldhw/GCC_Project/output/eoss3_hal_uart.o
LOAD /home/ic/work/qf_apps/qf_helloworldhw/GCC_Project/output/eoss3_hal_wb.o
LOAD /home/ic/work/qf_apps/qf_helloworldhw/GCC_Project/output/eoss3_hal_wdt.o
LOAD /home/ic/work/qf_apps/qf_helloworldhw/GCC_Project/output/event_groups.o
LOAD /home/ic/work/qf_apps/qf_helloworldhw/GCC_Project/output/exceptions.o
LOAD /home/ic/work/qf_apps/qf_helloworldhw/GCC_Project/output/fpga_loader.o
LOAD /home/ic/work/qf_apps/qf_helloworldhw/GCC_Project/output/freertos_static_memory.o
LOAD /home/ic/work/qf_apps/qf_helloworldhw/GCC_Project/output/heap_4.o
LOAD /home/ic/work/qf_apps/qf_helloworldhw/GCC_Project/output/hearable_pwrcfg.o
LOAD /home/ic/work/qf_apps/qf_helloworldhw/GCC_Project/output/leds.o
LOAD /home/ic/work/qf_apps/qf_helloworldhw/GCC_Project/output/list.o
LOAD /home/ic/work/qf_apps/qf_helloworldhw/GCC_Project/output/main.o
LOAD /home/ic/work/qf_apps/qf_helloworldhw/GCC_Project/output/main_dbg_cli_menu.o
LOAD /home/ic/work/qf_apps/qf_helloworldhw/GCC_Project/output/pincfg_table.o
LOAD /home/ic/work/qf_apps/qf_helloworldhw/GCC_Project/output/port.o
LOAD /home/ic/work/qf_apps/qf_helloworldhw/GCC_Project/output/qf_baremetalsetup.o
LOAD /home/ic/work/qf_apps/qf_helloworldhw/GCC_Project/output/qf_hardwaresetup.o
LOAD /home/ic/work/qf_apps/qf_helloworldhw/GCC_Project/output/ql_stackwatermark.o
LOAD /home/ic/work/qf_apps/qf_helloworldhw/GCC_Project/output/ql_test_signals.o
LOAD /home/ic/work/qf_apps/qf_helloworldhw/GCC_Project/output/ql_time.o
LOAD /home/ic/work/qf_apps/qf_helloworldhw/GCC_Project/output/queue.o
LOAD /home/ic/work/qf_apps/qf_helloworldhw/GCC_Project/output/s3x_clock.o
LOAD /home/ic/work/qf_apps/qf_helloworldhw/GCC_Project/output/s3x_clock_hal.o
LOAD /home/ic/work/qf_apps/qf_helloworldhw/GCC_Project/output/s3x_cpuload.o
LOAD /home/ic/work/qf_apps/qf_helloworldhw/GCC_Project/output/s3x_dfs.o
LOAD /home/ic/work/qf_apps/qf_helloworldhw/GCC_Project/output/s3x_lpm.o
LOAD /home/ic/work/qf_apps/qf_helloworldhw/GCC_Project/output/s3x_pi.o
LOAD /home/ic/work/qf_apps/qf_helloworldhw/GCC_Project/output/s3x_pwrcfg.o
LOAD /home/ic/work/qf_apps/qf_helloworldhw/GCC_Project/output/s3x_qos.o
LOAD /home/ic/work/qf_apps/qf_helloworldhw/GCC_Project/output/sec_debug.o
LOAD /home/ic/work/qf_apps/qf_helloworldhw/GCC_Project/output/spi_flash.o
LOAD /home/ic/work/qf_apps/qf_helloworldhw/GCC_Project/output/startup_EOSS3B_GCC.o
LOAD /home/ic/work/qf_apps/qf_helloworldhw/GCC_Project/output/stream_buffer.o
LOAD /home/ic/work/qf_apps/qf_helloworldhw/GCC_Project/output/tasks.o
LOAD /home/ic/work/qf_apps/qf_helloworldhw/GCC_Project/output/timers.o
LOAD /home/ic/work/qf_apps/qf_helloworldhw/GCC_Project/output/vectors_CM4F_gcc.o
LOAD /home/ic/work/qf_apps/qf_helloworldhw/GCC_Project/output/watchdog.o
LOAD /opt/gcc-arm-none-eabi-9-2020-q2-update/bin/../lib/gcc/arm-none-eabi/9.3.1/../../../../arm-none-eabi/lib/thumb/v7e-m+fp/hard/libm.a
LOAD /home/ic/work/qf_apps/qf_helloworldhw/GCC_Project/../../../Libraries/CMSIS/lib/GCC/libarm_cortexM4lf_math.a
START GROUP
LOAD /opt/gcc-arm-none-eabi-9-2020-q2-update/bin/../lib/gcc/arm-none-eabi/9.3.1/thumb/v7e-m+fp/hard/libgcc.a
LOAD /opt/gcc-arm-none-eabi-9-2020-q2-update/bin/../lib/gcc/arm-none-eabi/9.3.1/../../../../arm-none-eabi/lib/thumb/v7e-m+fp/hard/libg_nano.a
LOAD /opt/gcc-arm-none-eabi-9-2020-q2-update/bin/../lib/gcc/arm-none-eabi/9.3.1/../../../../arm-none-eabi/lib/thumb/v7e-m+fp/hard/libc_nano.a
END GROUP
START GROUP
LOAD /opt/gcc-arm-none-eabi-9-2020-q2-update/bin/../lib/gcc/arm-none-eabi/9.3.1/thumb/v7e-m+fp/hard/libgcc.a
LOAD /opt/gcc-arm-none-eabi-9-2020-q2-update/bin/../lib/gcc/arm-none-eabi/9.3.1/../../../../arm-none-eabi/lib/thumb/v7e-m+fp/hard/libc_nano.a
LOAD /opt/gcc-arm-none-eabi-9-2020-q2-update/bin/../lib/gcc/arm-none-eabi/9.3.1/../../../../arm-none-eabi/lib/thumb/v7e-m+fp/hard/libnosys.a
END GROUP
START GROUP
LOAD /opt/gcc-arm-none-eabi-9-2020-q2-update/bin/../lib/gcc/arm-none-eabi/9.3.1/thumb/v7e-m+fp/hard/libgcc.a
LOAD /opt/gcc-arm-none-eabi-9-2020-q2-update/bin/../lib/gcc/arm-none-eabi/9.3.1/../../../../arm-none-eabi/lib/thumb/v7e-m+fp/hard/libc_nano.a
LOAD /opt/gcc-arm-none-eabi-9-2020-q2-update/bin/../lib/gcc/arm-none-eabi/9.3.1/../../../../arm-none-eabi/lib/thumb/v7e-m+fp/hard/libnosys.a
END GROUP
LOAD /opt/gcc-arm-none-eabi-9-2020-q2-update/bin/../lib/gcc/arm-none-eabi/9.3.1/thumb/v7e-m+fp/hard/crtend.o
LOAD /opt/gcc-arm-none-eabi-9-2020-q2-update/bin/../lib/gcc/arm-none-eabi/9.3.1/thumb/v7e-m+fp/hard/crtn.o

.text           0x0000000000000000     0x5a2f
 *(.isr_vector)
 .isr_vector    0x0000000000000000      0x124 /home/ic/work/qf_apps/qf_helloworldhw/GCC_Project/output/vectors_CM4F_gcc.o
                0x0000000000000000                __Vectors
 *(.text*)
 .text          0x0000000000000124       0x40 /opt/gcc-arm-none-eabi-9-2020-q2-update/bin/../lib/gcc/arm-none-eabi/9.3.1/thumb/v7e-m+fp/hard/crtbegin.o
 .text          0x0000000000000164       0x7c /opt/gcc-arm-none-eabi-9-2020-q2-update/bin/../lib/gcc/arm-none-eabi/9.3.1/../../../../arm-none-eabi/lib/thumb/v7e-m+fp/hard/crt0.o
                0x0000000000000164                _stack_init
                0x000000000000016c                _mainCRTStartup
                0x000000000000016c                _start
 .text._write   0x00000000000001e0        0xe /home/ic/work/qf_apps/qf_helloworldhw/GCC_Project/output/c_lib_retarget.o
                0x00000000000001e0                _write
 .text._close   0x00000000000001ee        0x6 /home/ic/work/qf_apps/qf_helloworldhw/GCC_Project/output/c_lib_retarget.o
                0x00000000000001ee                _close
 .text._lseek   0x00000000000001f4        0x4 /home/ic/work/qf_apps/qf_helloworldhw/GCC_Project/output/c_lib_retarget.o
                0x00000000000001f4                _lseek
 .text._read    0x00000000000001f8        0x4 /home/ic/work/qf_apps/qf_helloworldhw/GCC_Project/output/c_lib_retarget.o
                0x00000000000001f8                _read
 .text.__debug_lockup
                0x00000000000001fc       0x14 /home/ic/work/qf_apps/qf_helloworldhw/GCC_Project/output/dbg_uart.o
 .text._semihost_write
                0x0000000000000210       0x54 /home/ic/work/qf_apps/qf_helloworldhw/GCC_Project/output/dbg_uart.o
                0x0000000000000210                _semihost_write
 .text.dbg_ch_raw
                0x0000000000000264       0x74 /home/ic/work/qf_apps/qf_helloworldhw/GCC_Project/output/dbg_uart.o
                0x0000000000000264                dbg_ch_raw
 .text.dbg_nl   0x00000000000002d8       0x12 /home/ic/work/qf_apps/qf_helloworldhw/GCC_Project/output/dbg_uart.o
                0x00000000000002d8                dbg_nl
 .text.dbg_ch   0x00000000000002ea        0xc /home/ic/work/qf_apps/qf_helloworldhw/GCC_Project/output/dbg_uart.o
                0x00000000000002ea                dbg_ch
 .text.dbg_hex4
                0x00000000000002f6       0x14 /home/ic/work/qf_apps/qf_helloworldhw/GCC_Project/output/dbg_uart.o
 .text.dbg_hex8
                0x000000000000030a       0x14 /home/ic/work/qf_apps/qf_helloworldhw/GCC_Project/output/dbg_uart.o
                0x000000000000030a                dbg_hex8
 .text.dbg_hex16
                0x000000000000031e       0x14 /home/ic/work/qf_apps/qf_helloworldhw/GCC_Project/output/dbg_uart.o
                0x000000000000031e                dbg_hex16
 .text.dbg_hex32
                0x0000000000000332       0x14 /home/ic/work/qf_apps/qf_helloworldhw/GCC_Project/output/dbg_uart.o
                0x0000000000000332                dbg_hex32
 *fill*         0x0000000000000346        0x2 
 .text._dbg_int
                0x0000000000000348       0x44 /home/ic/work/qf_apps/qf_helloworldhw/GCC_Project/output/dbg_uart.o
 .text.dbg_memdumpx
                0x000000000000038c       0xea /home/ic/work/qf_apps/qf_helloworldhw/GCC_Project/output/dbg_uart.o
 *fill*         0x0000000000000476        0x2 
 .text.dbg_str  0x0000000000000478       0x84 /home/ic/work/qf_apps/qf_helloworldhw/GCC_Project/output/dbg_uart.o
                0x0000000000000478                dbg_str
 .text._dbg_str_xxx
                0x00000000000004fc       0x16 /home/ic/work/qf_apps/qf_helloworldhw/GCC_Project/output/dbg_uart.o
 .text.dbg_str_hexXX
                0x0000000000000512       0x22 /home/ic/work/qf_apps/qf_helloworldhw/GCC_Project/output/dbg_uart.o
 .text.dbg_int  0x0000000000000534       0x24 /home/ic/work/qf_apps/qf_helloworldhw/GCC_Project/output/dbg_uart.o
                0x0000000000000534                dbg_int
 .text.dbg_str_str
                0x0000000000000558       0x16 /home/ic/work/qf_apps/qf_helloworldhw/GCC_Project/output/dbg_uart.o
                0x0000000000000558                dbg_str_str
 .text.dbg_str_int
                0x000000000000056e       0x16 /home/ic/work/qf_apps/qf_helloworldhw/GCC_Project/output/dbg_uart.o
                0x000000000000056e                dbg_str_int
 .text.dbg_str_hex32
                0x0000000000000584        0xc /home/ic/work/qf_apps/qf_helloworldhw/GCC_Project/output/dbg_uart.o
                0x0000000000000584                dbg_str_hex32
 .text.dbg_fatal_error
                0x0000000000000590       0x12 /home/ic/work/qf_apps/qf_helloworldhw/GCC_Project/output/dbg_uart.o
                0x0000000000000590                dbg_fatal_error
 .text.dbg_fatal_error_int
                0x00000000000005a2        0xe /home/ic/work/qf_apps/qf_helloworldhw/GCC_Project/output/dbg_uart.o
                0x00000000000005a2                dbg_fatal_error_int
 .text.dbg_memdump32
                0x00000000000005b0       0x1e /home/ic/work/qf_apps/qf_helloworldhw/GCC_Project/output/dbg_uart.o
                0x00000000000005b0                dbg_memdump32
 *fill*         0x00000000000005ce        0x2 
 .text.HAL_GPIO_Write
                0x00000000000005d0       0x28 /home/ic/work/qf_apps/qf_helloworldhw/GCC_Project/output/eoss3_hal_gpio.o
                0x00000000000005d0                HAL_GPIO_Write
 .text.HAL_PAD_Config
                0x00000000000005f8      0x190 /home/ic/work/qf_apps/qf_helloworldhw/GCC_Project/output/eoss3_hal_pad_config.o
                0x00000000000005f8                HAL_PAD_Config
 .text.configure_s3_pads
                0x0000000000000788       0x1a /home/ic/work/qf_apps/qf_helloworldhw/GCC_Project/output/eoss3_hal_pad_config.o
                0x0000000000000788                configure_s3_pads
 *fill*         0x00000000000007a2        0x2 
 .text.eoss3_rtc_enable_irq
                0x00000000000007a4       0x28 /home/ic/work/qf_apps/qf_helloworldhw/GCC_Project/output/eoss3_hal_rtc.o
 .text.write_rtc_reg
                0x00000000000007cc       0x18 /home/ic/work/qf_apps/qf_helloworldhw/GCC_Project/output/eoss3_hal_rtc.o
 .text.__rtc_setup_alarm.isra.0
                0x00000000000007e4       0x44 /home/ic/work/qf_apps/qf_helloworldhw/GCC_Project/output/eoss3_hal_rtc.o
 .text.HAL_RTC_ISR
                0x0000000000000828       0x24 /home/ic/work/qf_apps/qf_helloworldhw/GCC_Project/output/eoss3_hal_rtc.o
                0x0000000000000828                HAL_RTC_ISR
 .text.unlock_spi1_bus
                0x000000000000084c       0x58 /home/ic/work/qf_apps/qf_helloworldhw/GCC_Project/output/eoss3_hal_spi.o
                0x000000000000084c                unlock_spi1_bus
 .text.SPI_DMA_Complete
                0x00000000000008a4       0x88 /home/ic/work/qf_apps/qf_helloworldhw/GCC_Project/output/eoss3_hal_spi.o
                0x00000000000008a4                SPI_DMA_Complete
 .text.HAL_SPI_IRQHandler
                0x000000000000092c       0x6c /home/ic/work/qf_apps/qf_helloworldhw/GCC_Project/output/eoss3_hal_spi.o
                0x000000000000092c                HAL_SPI_IRQHandler
 .text.HAL_Timer_ISR
                0x0000000000000998       0x88 /home/ic/work/qf_apps/qf_helloworldhw/GCC_Project/output/eoss3_hal_timer.o
                0x0000000000000998                HAL_Timer_ISR
 .text.uart_baud_rate
                0x0000000000000a20       0x60 /home/ic/work/qf_apps/qf_helloworldhw/GCC_Project/output/eoss3_hal_uart.o
 .text.is_hw_uart_enabled
                0x0000000000000a80       0x20 /home/ic/work/qf_apps/qf_helloworldhw/GCC_Project/output/eoss3_hal_uart.o
 .text.uart_disable
                0x0000000000000aa0       0x1c /home/ic/work/qf_apps/qf_helloworldhw/GCC_Project/output/eoss3_hal_uart.o
 .text.uart_lpm_callback
                0x0000000000000abc       0x70 /home/ic/work/qf_apps/qf_helloworldhw/GCC_Project/output/eoss3_hal_uart.o
 .text.uart_init
                0x0000000000000b2c      0x168 /home/ic/work/qf_apps/qf_helloworldhw/GCC_Project/output/eoss3_hal_uart.o
                0x0000000000000b2c                uart_init
 .text.uart_isr_handler
                0x0000000000000c94       0x84 /home/ic/work/qf_apps/qf_helloworldhw/GCC_Project/output/eoss3_hal_uart.o
                0x0000000000000c94                uart_isr_handler
 .text.uart_tx_raw
                0x0000000000000d18       0x38 /home/ic/work/qf_apps/qf_helloworldhw/GCC_Project/output/eoss3_hal_uart.o
                0x0000000000000d18                uart_tx_raw
 .text.uart_tx  0x0000000000000d50       0x1c /home/ic/work/qf_apps/qf_helloworldhw/GCC_Project/output/eoss3_hal_uart.o
                0x0000000000000d50                uart_tx
 .text.uart_tx_buf
                0x0000000000000d6c       0x1a /home/ic/work/qf_apps/qf_helloworldhw/GCC_Project/output/eoss3_hal_uart.o
                0x0000000000000d6c                uart_tx_buf
 *fill*         0x0000000000000d86        0x2 
 .text.WDT_ISR  0x0000000000000d88       0x8c /home/ic/work/qf_apps/qf_helloworldhw/GCC_Project/output/eoss3_hal_wdt.o
                0x0000000000000d88                WDT_ISR
 .text.spurious_interrupt
                0x0000000000000e14        0xc /home/ic/work/qf_apps/qf_helloworldhw/GCC_Project/output/exceptions.o
 .text.prvGetRegistersFromStack
                0x0000000000000e20       0xf0 /home/ic/work/qf_apps/qf_helloworldhw/GCC_Project/output/exceptions.o
                0x0000000000000e20                prvGetRegistersFromStack
 .text.HardFault_Handler
                0x0000000000000f10       0x16 /home/ic/work/qf_apps/qf_helloworldhw/GCC_Project/output/exceptions.o
                0x0000000000000f10                HardFault_Handler
 .text.NMI_Handler
                0x0000000000000f26        0x6 /home/ic/work/qf_apps/qf_helloworldhw/GCC_Project/output/exceptions.o
                0x0000000000000f26                NMI_Handler
 .text.MemManage_Handler
                0x0000000000000f2c        0x6 /home/ic/work/qf_apps/qf_helloworldhw/GCC_Project/output/exceptions.o
                0x0000000000000f2c                MemManage_Handler
 .text.BusFault_Handler
                0x0000000000000f32        0x6 /home/ic/work/qf_apps/qf_helloworldhw/GCC_Project/output/exceptions.o
                0x0000000000000f32                BusFault_Handler
 .text.UsageFault_Handler
                0x0000000000000f38        0x6 /home/ic/work/qf_apps/qf_helloworldhw/GCC_Project/output/exceptions.o
                0x0000000000000f38                UsageFault_Handler
 .text.DebugMon_Handler
                0x0000000000000f3e        0x6 /home/ic/work/qf_apps/qf_helloworldhw/GCC_Project/output/exceptions.o
                0x0000000000000f3e                DebugMon_Handler
 .text.Uart_Handler
                0x0000000000000f44       0x50 /home/ic/work/qf_apps/qf_helloworldhw/GCC_Project/output/exceptions.o
                0x0000000000000f44                Uart_Handler
 .text.Timer_Handler
                0x0000000000000f94       0x24 /home/ic/work/qf_apps/qf_helloworldhw/GCC_Project/output/exceptions.o
                0x0000000000000f94                Timer_Handler
 .text.CpuWdtInt_Handler
                0x0000000000000fb8       0x24 /home/ic/work/qf_apps/qf_helloworldhw/GCC_Project/output/exceptions.o
                0x0000000000000fb8                CpuWdtInt_Handler
 .text.CpuWdtRst_Handler
                0x0000000000000fdc        0x6 /home/ic/work/qf_apps/qf_helloworldhw/GCC_Project/output/exceptions.o
                0x0000000000000fdc                CpuWdtRst_Handler
 .text.BusTimeout_Handler
                0x0000000000000fe2        0x6 /home/ic/work/qf_apps/qf_helloworldhw/GCC_Project/output/exceptions.o
                0x0000000000000fe2                BusTimeout_Handler
 .text.Fpu_Handler
                0x0000000000000fe8        0x6 /home/ic/work/qf_apps/qf_helloworldhw/GCC_Project/output/exceptions.o
                0x0000000000000fe8                Fpu_Handler
 *fill*         0x0000000000000fee        0x2 
 .text.Pkfb_Handler
                0x0000000000000ff0       0x10 /home/ic/work/qf_apps/qf_helloworldhw/GCC_Project/output/exceptions.o
                0x0000000000000ff0                Pkfb_Handler
 .text.I2s_Handler
                0x0000000000001000        0x6 /home/ic/work/qf_apps/qf_helloworldhw/GCC_Project/output/exceptions.o
                0x0000000000001000                I2s_Handler
 .text.Audio_Handler
                0x0000000000001006        0x6 /home/ic/work/qf_apps/qf_helloworldhw/GCC_Project/output/exceptions.o
                0x0000000000001006                Audio_Handler
 .text.SpiMs_Handler
                0x000000000000100c       0x5c /home/ic/work/qf_apps/qf_helloworldhw/GCC_Project/output/exceptions.o
                0x000000000000100c                SpiMs_Handler
 .text.CfgDma_Handler
                0x0000000000001068       0x28 /home/ic/work/qf_apps/qf_helloworldhw/GCC_Project/output/exceptions.o
                0x0000000000001068                CfgDma_Handler
 .text.PmuTimer_Handler
                0x0000000000001090        0x2 /home/ic/work/qf_apps/qf_helloworldhw/GCC_Project/output/exceptions.o
                0x0000000000001090                PmuTimer_Handler
 .text.AdcDone_Handler
                0x0000000000001092        0x8 /home/ic/work/qf_apps/qf_helloworldhw/GCC_Project/output/exceptions.o
                0x0000000000001092                AdcDone_Handler
 *fill*         0x000000000000109a        0x2 
 .text.RtcAlarm_Handler
                0x000000000000109c       0x1c /home/ic/work/qf_apps/qf_helloworldhw/GCC_Project/output/exceptions.o
                0x000000000000109c                RtcAlarm_Handler
 .text.ResetInt_Handler
                0x00000000000010b8        0x8 /home/ic/work/qf_apps/qf_helloworldhw/GCC_Project/output/exceptions.o
                0x00000000000010b8                ResetInt_Handler
 .text.Ffe0_Handler
                0x00000000000010c0       0x18 /home/ic/work/qf_apps/qf_helloworldhw/GCC_Project/output/exceptions.o
                0x00000000000010c0                Ffe0_Handler
 .text.FbMsg_Handler
                0x00000000000010d8       0x6c /home/ic/work/qf_apps/qf_helloworldhw/GCC_Project/output/exceptions.o
                0x00000000000010d8                FbMsg_Handler
 .text.SensorGpio_Handler
                0x0000000000001144        0x8 /home/ic/work/qf_apps/qf_helloworldhw/GCC_Project/output/exceptions.o
                0x0000000000001144                SensorGpio_Handler
 .text.M4SramSleep_Handler
                0x000000000000114c        0x8 /home/ic/work/qf_apps/qf_helloworldhw/GCC_Project/output/exceptions.o
                0x000000000000114c                M4SramSleep_Handler
 .text.LDO30_PG_Handler
                0x0000000000001154        0x8 /home/ic/work/qf_apps/qf_helloworldhw/GCC_Project/output/exceptions.o
                0x0000000000001154                LDO30_PG_Handler
 .text.LDO50_PG_Handler
                0x000000000000115c        0x8 /home/ic/work/qf_apps/qf_helloworldhw/GCC_Project/output/exceptions.o
                0x000000000000115c                LDO50_PG_Handler
 .text.DMIC_Voice_Det_Handler
                0x0000000000001164        0x8 /home/ic/work/qf_apps/qf_helloworldhw/GCC_Project/output/exceptions.o
                0x0000000000001164                DMIC_Voice_Det_Handler
 .text.ApPDMClkOn_Handler
                0x000000000000116c        0x8 /home/ic/work/qf_apps/qf_helloworldhw/GCC_Project/output/exceptions.o
                0x000000000000116c                ApPDMClkOn_Handler
 .text.ApPDMClkOff_Handler
                0x0000000000001174        0x8 /home/ic/work/qf_apps/qf_helloworldhw/GCC_Project/output/exceptions.o
                0x0000000000001174                ApPDMClkOff_Handler
 .text.Dmac0BlkDone_Handler
                0x000000000000117c        0x8 /home/ic/work/qf_apps/qf_helloworldhw/GCC_Project/output/exceptions.o
                0x000000000000117c                Dmac0BlkDone_Handler
 .text.Dmac0BufDone_Handler
                0x0000000000001184        0x8 /home/ic/work/qf_apps/qf_helloworldhw/GCC_Project/output/exceptions.o
                0x0000000000001184                Dmac0BufDone_Handler
 .text.Dmac1BlkDone_Handler
                0x000000000000118c        0x8 /home/ic/work/qf_apps/qf_helloworldhw/GCC_Project/output/exceptions.o
                0x000000000000118c                Dmac1BlkDone_Handler
 .text.Dmac1BufDone_Handler
                0x0000000000001194        0x8 /home/ic/work/qf_apps/qf_helloworldhw/GCC_Project/output/exceptions.o
                0x0000000000001194                Dmac1BufDone_Handler
 .text.Sdma0Done_Handler
                0x000000000000119c        0x8 /home/ic/work/qf_apps/qf_helloworldhw/GCC_Project/output/exceptions.o
                0x000000000000119c                Sdma0Done_Handler
 .text.Sdma1Done_Handler
                0x00000000000011a4        0x8 /home/ic/work/qf_apps/qf_helloworldhw/GCC_Project/output/exceptions.o
                0x00000000000011a4                Sdma1Done_Handler
 .text.Sdma2Done_Handler
                0x00000000000011ac        0x8 /home/ic/work/qf_apps/qf_helloworldhw/GCC_Project/output/exceptions.o
                0x00000000000011ac                Sdma2Done_Handler
 .text.Sdma3Done_Handler
                0x00000000000011b4        0x8 /home/ic/work/qf_apps/qf_helloworldhw/GCC_Project/output/exceptions.o
                0x00000000000011b4                Sdma3Done_Handler
 .text.Sdma4Done_Handler
                0x00000000000011bc        0x8 /home/ic/work/qf_apps/qf_helloworldhw/GCC_Project/output/exceptions.o
                0x00000000000011bc                Sdma4Done_Handler
 .text.Sdma5Done_Handler
                0x00000000000011c4        0x8 /home/ic/work/qf_apps/qf_helloworldhw/GCC_Project/output/exceptions.o
                0x00000000000011c4                Sdma5Done_Handler
 .text.Sdma6Done_Handler
                0x00000000000011cc        0x8 /home/ic/work/qf_apps/qf_helloworldhw/GCC_Project/output/exceptions.o
                0x00000000000011cc                Sdma6Done_Handler
 .text.Sdma7Done_Handler
                0x00000000000011d4        0x8 /home/ic/work/qf_apps/qf_helloworldhw/GCC_Project/output/exceptions.o
                0x00000000000011d4                Sdma7Done_Handler
 .text.Sdma8Done_Handler
                0x00000000000011dc        0x8 /home/ic/work/qf_apps/qf_helloworldhw/GCC_Project/output/exceptions.o
                0x00000000000011dc                Sdma8Done_Handler
 .text.Sdma9Done_Handler
                0x00000000000011e4        0x8 /home/ic/work/qf_apps/qf_helloworldhw/GCC_Project/output/exceptions.o
                0x00000000000011e4                Sdma9Done_Handler
 .text.Sdma10Done_Handler
                0x00000000000011ec        0x8 /home/ic/work/qf_apps/qf_helloworldhw/GCC_Project/output/exceptions.o
                0x00000000000011ec                Sdma10Done_Handler
 .text.Sdma11Done_Handler
                0x00000000000011f4        0x8 /home/ic/work/qf_apps/qf_helloworldhw/GCC_Project/output/exceptions.o
                0x00000000000011f4                Sdma11Done_Handler
 .text.SdmaErr_Handler
                0x00000000000011fc        0x8 /home/ic/work/qf_apps/qf_helloworldhw/GCC_Project/output/exceptions.o
                0x00000000000011fc                SdmaErr_Handler
 .text.I2S_SlvM4TxOr_Handler
                0x0000000000001204        0x8 /home/ic/work/qf_apps/qf_helloworldhw/GCC_Project/output/exceptions.o
                0x0000000000001204                I2S_SlvM4TxOr_Handler
 .text.SRAM_128KB_Handler
                0x000000000000120c        0x8 /home/ic/work/qf_apps/qf_helloworldhw/GCC_Project/output/exceptions.o
                0x000000000000120c                SRAM_128KB_Handler
 .text.LPSD_Voice_Det_Handler
                0x0000000000001214        0x8 /home/ic/work/qf_apps/qf_helloworldhw/GCC_Project/output/exceptions.o
                0x0000000000001214                LPSD_Voice_Det_Handler
 .text.FfeWdt_Handler
                0x000000000000121c        0x8 /home/ic/work/qf_apps/qf_helloworldhw/GCC_Project/output/exceptions.o
                0x000000000000121c                FfeWdt_Handler
 .text.ApBoot_Handler
                0x0000000000001224        0x8 /home/ic/work/qf_apps/qf_helloworldhw/GCC_Project/output/exceptions.o
                0x0000000000001224                ApBoot_Handler
 .text.SwInt2_Handler
                0x000000000000122c        0x8 /home/ic/work/qf_apps/qf_helloworldhw/GCC_Project/output/exceptions.o
                0x000000000000122c                SwInt2_Handler
 .text.SwInt1_Handler
                0x0000000000001234       0x24 /home/ic/work/qf_apps/qf_helloworldhw/GCC_Project/output/exceptions.o
                0x0000000000001234                SwInt1_Handler
 .text.Ffe0Msg_Handler
                0x0000000000001258        0x8 /home/ic/work/qf_apps/qf_helloworldhw/GCC_Project/output/exceptions.o
                0x0000000000001258                Ffe0Msg_Handler
 .text.lpsdVoiceOffHandler
                0x0000000000001260        0x8 /home/ic/work/qf_apps/qf_helloworldhw/GCC_Project/output/exceptions.o
                0x0000000000001260                lpsdVoiceOffHandler
 .text.dmicVoiceOffHandler
                0x0000000000001268        0x8 /home/ic/work/qf_apps/qf_helloworldhw/GCC_Project/output/exceptions.o
                0x0000000000001268                dmicVoiceOffHandler
 .text.vApplicationMallocFailedHook
                0x0000000000001270       0x24 /home/ic/work/qf_apps/qf_helloworldhw/GCC_Project/output/exceptions.o
                0x0000000000001270                vApplicationMallocFailedHook
 .text.vApplicationStackOverflowHook
                0x0000000000001294       0x24 /home/ic/work/qf_apps/qf_helloworldhw/GCC_Project/output/exceptions.o
                0x0000000000001294                vApplicationStackOverflowHook
 .text.vApplicationTickHook
                0x00000000000012b8        0x2 /home/ic/work/qf_apps/qf_helloworldhw/GCC_Project/output/exceptions.o
                0x00000000000012b8                vApplicationTickHook
 *fill*         0x00000000000012ba        0x2 
 .text.load_fpga
                0x00000000000012bc      0x118 /home/ic/work/qf_apps/qf_helloworldhw/GCC_Project/output/fpga_loader.o
                0x00000000000012bc                load_fpga
 .text.prvInsertBlockIntoFreeList
                0x00000000000013d4       0x74 /home/ic/work/qf_apps/qf_helloworldhw/GCC_Project/output/heap_4.o
 .text.pvPortMalloc
                0x0000000000001448      0x198 /home/ic/work/qf_apps/qf_helloworldhw/GCC_Project/output/heap_4.o
                0x0000000000001448                pvPortMalloc
 .text.vListInitialise
                0x00000000000015e0       0x16 /home/ic/work/qf_apps/qf_helloworldhw/GCC_Project/output/list.o
                0x00000000000015e0                vListInitialise
 .text.vListInitialiseItem
                0x00000000000015f6        0x6 /home/ic/work/qf_apps/qf_helloworldhw/GCC_Project/output/list.o
                0x00000000000015f6                vListInitialiseItem
 .text.vListInsertEnd
                0x00000000000015fc       0x18 /home/ic/work/qf_apps/qf_helloworldhw/GCC_Project/output/list.o
                0x00000000000015fc                vListInsertEnd
 .text.vListInsert
                0x0000000000001614       0x2e /home/ic/work/qf_apps/qf_helloworldhw/GCC_Project/output/list.o
                0x0000000000001614                vListInsert
 .text.uxListRemove
                0x0000000000001642       0x20 /home/ic/work/qf_apps/qf_helloworldhw/GCC_Project/output/list.o
                0x0000000000001642                uxListRemove
 *fill*         0x0000000000001662        0x2 
 .text.startup.main
                0x0000000000001664       0xb4 /home/ic/work/qf_apps/qf_helloworldhw/GCC_Project/output/main.o
                0x0000000000001664                main
 .text.SystemInit
                0x0000000000001718        0x2 /home/ic/work/qf_apps/qf_helloworldhw/GCC_Project/output/main.o
                0x0000000000001718                SystemInit
 *fill*         0x000000000000171a        0x6 
 .text.SVC_Handler
                0x0000000000001720       0x24 /home/ic/work/qf_apps/qf_helloworldhw/GCC_Project/output/port.o
                0x0000000000001720                SVC_Handler
 .text.vPortEnterCritical
                0x0000000000001744       0x58 /home/ic/work/qf_apps/qf_helloworldhw/GCC_Project/output/port.o
                0x0000000000001744                vPortEnterCritical
 .text.vPortExitCritical
                0x000000000000179c       0x3c /home/ic/work/qf_apps/qf_helloworldhw/GCC_Project/output/port.o
                0x000000000000179c                vPortExitCritical
 *fill*         0x00000000000017d8        0x8 
 .text.PendSV_Handler
                0x00000000000017e0       0x64 /home/ic/work/qf_apps/qf_helloworldhw/GCC_Project/output/port.o
                0x00000000000017e0                PendSV_Handler
 .text.xPortSysTickHandler
                0x0000000000001844       0x2c /home/ic/work/qf_apps/qf_helloworldhw/GCC_Project/output/port.o
                0x0000000000001844                xPortSysTickHandler
 .text.vPortValidateInterruptPriority
                0x0000000000001870       0x7c /home/ic/work/qf_apps/qf_helloworldhw/GCC_Project/output/port.o
                0x0000000000001870                vPortValidateInterruptPriority
 .text.system_init
                0x00000000000018ec       0x6c /home/ic/work/qf_apps/qf_helloworldhw/GCC_Project/output/qf_hardwaresetup.o
                0x00000000000018ec                system_init
 .text.qf_hardwareSetup
                0x0000000000001958       0x78 /home/ic/work/qf_apps/qf_helloworldhw/GCC_Project/output/qf_hardwaresetup.o
                0x0000000000001958                qf_hardwareSetup
 .text.prvIsQueueEmpty
                0x00000000000019d0       0x16 /home/ic/work/qf_apps/qf_helloworldhw/GCC_Project/output/queue.o
 .text.prvCopyDataToQueue
                0x00000000000019e6       0x78 /home/ic/work/qf_apps/qf_helloworldhw/GCC_Project/output/queue.o
 .text.prvUnlockQueue
                0x0000000000001a5e       0x70 /home/ic/work/qf_apps/qf_helloworldhw/GCC_Project/output/queue.o
 *fill*         0x0000000000001ace        0x2 
 .text.xQueueGenericReset
                0x0000000000001ad0       0x90 /home/ic/work/qf_apps/qf_helloworldhw/GCC_Project/output/queue.o
                0x0000000000001ad0                xQueueGenericReset
 .text.xQueueGenericCreate
                0x0000000000001b60       0x74 /home/ic/work/qf_apps/qf_helloworldhw/GCC_Project/output/queue.o
                0x0000000000001b60                xQueueGenericCreate
 .text.xQueueGenericSend
                0x0000000000001bd4      0x19c /home/ic/work/qf_apps/qf_helloworldhw/GCC_Project/output/queue.o
                0x0000000000001bd4                xQueueGenericSend
 .text.xQueueGenericSendFromISR
                0x0000000000001d70       0xf0 /home/ic/work/qf_apps/qf_helloworldhw/GCC_Project/output/queue.o
                0x0000000000001d70                xQueueGenericSendFromISR
 .text.xQueueGenericSendFromISRDebug
                0x0000000000001e60       0x30 /home/ic/work/qf_apps/qf_helloworldhw/GCC_Project/output/queue.o
                0x0000000000001e60                xQueueGenericSendFromISRDebug
 .text.xQueueGiveFromISR
                0x0000000000001e90       0xdc /home/ic/work/qf_apps/qf_helloworldhw/GCC_Project/output/queue.o
                0x0000000000001e90                xQueueGiveFromISR
 .text.xQueueSemaphoreTake
                0x0000000000001f6c      0x1b0 /home/ic/work/qf_apps/qf_helloworldhw/GCC_Project/output/queue.o
                0x0000000000001f6c                xQueueSemaphoreTake
 .text.vQueueAddToRegistry
                0x000000000000211c       0x24 /home/ic/work/qf_apps/qf_helloworldhw/GCC_Project/output/queue.o
                0x000000000000211c                vQueueAddToRegistry
 .text.s3x_clkd_write_div
                0x0000000000002140       0xa8 /home/ic/work/qf_apps/qf_helloworldhw/GCC_Project/output/s3x_clock.o
 .text.s3x_clkd_read_div
                0x00000000000021e8       0x44 /home/ic/work/qf_apps/qf_helloworldhw/GCC_Project/output/s3x_clock.o
 .text.s3x_clkd_cal_div.part.0
                0x000000000000222c       0x30 /home/ic/work/qf_apps/qf_helloworldhw/GCC_Project/output/s3x_clock.o
 .text.S3x_Id_To_Domain
                0x000000000000225c       0x1c /home/ic/work/qf_apps/qf_helloworldhw/GCC_Project/output/s3x_clock.o
                0x000000000000225c                S3x_Id_To_Domain
 .text.s3x_clkd_update_div_val
                0x0000000000002278       0x4c /home/ic/work/qf_apps/qf_helloworldhw/GCC_Project/output/s3x_clock.o
                0x0000000000002278                s3x_clkd_update_div_val
 .text.s3x_clkd_update_fd_rate
                0x00000000000022c4        0xe /home/ic/work/qf_apps/qf_helloworldhw/GCC_Project/output/s3x_clock.o
                0x00000000000022c4                s3x_clkd_update_fd_rate
 *fill*         0x00000000000022d2        0x2 
 .text.s3x_clkd_update_sd_div
                0x00000000000022d4       0x5c /home/ic/work/qf_apps/qf_helloworldhw/GCC_Project/output/s3x_clock.o
 .text.s3x_clkd_update_all_src_div
                0x0000000000002330       0xd0 /home/ic/work/qf_apps/qf_helloworldhw/GCC_Project/output/s3x_clock.o
                0x0000000000002330                s3x_clkd_update_all_src_div
 .text.S3x_Clkd_Get_Hsosc_Rate
                0x0000000000002400       0x34 /home/ic/work/qf_apps/qf_helloworldhw/GCC_Project/output/s3x_clock.o
                0x0000000000002400                S3x_Clkd_Get_Hsosc_Rate
 .text.S3x_Clkd_Change_Hsosc
                0x0000000000002434       0x70 /home/ic/work/qf_apps/qf_helloworldhw/GCC_Project/output/s3x_clock.o
                0x0000000000002434                S3x_Clkd_Change_Hsosc
 .text.s3x_clkd_get_src_rate
                0x00000000000024a4       0x12 /home/ic/work/qf_apps/qf_helloworldhw/GCC_Project/output/s3x_clock.o
                0x00000000000024a4                s3x_clkd_get_src_rate
 *fill*         0x00000000000024b6        0x2 
 .text.s3x_clkd_get_div
                0x00000000000024b8       0x74 /home/ic/work/qf_apps/qf_helloworldhw/GCC_Project/output/s3x_clock.o
                0x00000000000024b8                s3x_clkd_get_div
 .text.s3x_clkd_srate
                0x000000000000252c      0x134 /home/ic/work/qf_apps/qf_helloworldhw/GCC_Project/output/s3x_clock.o
 .text.s3x_clkd_grate
                0x0000000000002660       0x68 /home/ic/work/qf_apps/qf_helloworldhw/GCC_Project/output/s3x_clock.o
 .text.s3x_clkd_set_src_div_st
                0x00000000000026c8       0x4c /home/ic/work/qf_apps/qf_helloworldhw/GCC_Project/output/s3x_clock.o
 .text.s3x_update_clk_rate
                0x0000000000002714       0xb0 /home/ic/work/qf_apps/qf_helloworldhw/GCC_Project/output/s3x_clock.o
                0x0000000000002714                s3x_update_clk_rate
 .text.s3x_clkd_get_gate_mask_st
                0x00000000000027c4       0x16 /home/ic/work/qf_apps/qf_helloworldhw/GCC_Project/output/s3x_clock.o
                0x00000000000027c4                s3x_clkd_get_gate_mask_st
 *fill*         0x00000000000027da        0x2 
 .text.s3x_clkd_set_gate_mask
                0x00000000000027dc       0x50 /home/ic/work/qf_apps/qf_helloworldhw/GCC_Project/output/s3x_clock.o
                0x00000000000027dc                s3x_clkd_set_gate_mask
 .text.s3x_clkd_enable_gate
                0x000000000000282c       0x68 /home/ic/work/qf_apps/qf_helloworldhw/GCC_Project/output/s3x_clock.o
 .text.s3x_clkd_disable_gate
                0x0000000000002894       0x54 /home/ic/work/qf_apps/qf_helloworldhw/GCC_Project/output/s3x_clock.o
 .text._S3x_Clk_Enable
                0x00000000000028e8       0xb8 /home/ic/work/qf_apps/qf_helloworldhw/GCC_Project/output/s3x_clock.o
                0x00000000000028e8                _S3x_Clk_Enable
 .text._S3x_Clk_Disable
                0x00000000000029a0       0xc8 /home/ic/work/qf_apps/qf_helloworldhw/GCC_Project/output/s3x_clock.o
                0x00000000000029a0                _S3x_Clk_Disable
 .text._S3x_Clk_Get_Status
                0x0000000000002a68       0x2c /home/ic/work/qf_apps/qf_helloworldhw/GCC_Project/output/s3x_clock.o
                0x0000000000002a68                _S3x_Clk_Get_Status
 .text._S3x_Clk_Get_Rate
                0x0000000000002a94       0x28 /home/ic/work/qf_apps/qf_helloworldhw/GCC_Project/output/s3x_clock.o
                0x0000000000002a94                _S3x_Clk_Get_Rate
 .text.S3x_Clk_Init
                0x0000000000002abc      0x15c /home/ic/work/qf_apps/qf_helloworldhw/GCC_Project/output/s3x_clock.o
                0x0000000000002abc                S3x_Clk_Init
 .text.S3x_Clk_Enable
                0x0000000000002c18        0x4 /home/ic/work/qf_apps/qf_helloworldhw/GCC_Project/output/s3x_clock_hal.o
                0x0000000000002c18                S3x_Clk_Enable
 .text.S3x_Clk_Disable
                0x0000000000002c1c        0x4 /home/ic/work/qf_apps/qf_helloworldhw/GCC_Project/output/s3x_clock_hal.o
                0x0000000000002c1c                S3x_Clk_Disable
 .text.S3x_Clk_Get_Rate
                0x0000000000002c20        0x4 /home/ic/work/qf_apps/qf_helloworldhw/GCC_Project/output/s3x_clock_hal.o
                0x0000000000002c20                S3x_Clk_Get_Rate
 .text.DFS_cpuload
                0x0000000000002c24       0x4c /home/ic/work/qf_apps/qf_helloworldhw/GCC_Project/output/s3x_cpuload.o
                0x0000000000002c24                DFS_cpuload
 .text.DFS_resetsleepticks
                0x0000000000002c70        0xc /home/ic/work/qf_apps/qf_helloworldhw/GCC_Project/output/s3x_cpuload.o
                0x0000000000002c70                DFS_resetsleepticks
 .text.DFS_UpdateTimer
                0x0000000000002c7c       0x5c /home/ic/work/qf_apps/qf_helloworldhw/GCC_Project/output/s3x_dfs.o
 .text.DFS_StartTimer
                0x0000000000002cd8       0x88 /home/ic/work/qf_apps/qf_helloworldhw/GCC_Project/output/s3x_dfs.o
                0x0000000000002cd8                DFS_StartTimer
 .text.S3x_Set_Policy
                0x0000000000002d60      0x108 /home/ic/work/qf_apps/qf_helloworldhw/GCC_Project/output/s3x_dfs.o
                0x0000000000002d60                S3x_Set_Policy
 .text.S3x_get_max_rate_dfs_node
                0x0000000000002e68       0x28 /home/ic/work/qf_apps/qf_helloworldhw/GCC_Project/output/s3x_dfs.o
                0x0000000000002e68                S3x_get_max_rate_dfs_node
 .text.S3x_Stepup_Policy
                0x0000000000002e90       0x7c /home/ic/work/qf_apps/qf_helloworldhw/GCC_Project/output/s3x_dfs.o
 .text.DFS_TimerCB
                0x0000000000002f0c        0xe /home/ic/work/qf_apps/qf_helloworldhw/GCC_Project/output/s3x_dfs.o
 *fill*         0x0000000000002f1a        0x2 
 .text.DFS_Get_Curr_Policy
                0x0000000000002f1c        0xc /home/ic/work/qf_apps/qf_helloworldhw/GCC_Project/output/s3x_dfs.o
                0x0000000000002f1c                DFS_Get_Curr_Policy
 .text.DFS_Initialize
                0x0000000000002f28       0x14 /home/ic/work/qf_apps/qf_helloworldhw/GCC_Project/output/s3x_dfs.o
                0x0000000000002f28                DFS_Initialize
 .text.S3x_Register_Lpm_Cb
                0x0000000000002f3c       0x40 /home/ic/work/qf_apps/qf_helloworldhw/GCC_Project/output/s3x_lpm.o
                0x0000000000002f3c                S3x_Register_Lpm_Cb
 .text.s3x_setup_systick_interrupt
                0x0000000000002f7c       0x54 /home/ic/work/qf_apps/qf_helloworldhw/GCC_Project/output/s3x_lpm.o
                0x0000000000002f7c                s3x_setup_systick_interrupt
 .text.SysTick_Handler
                0x0000000000002fd0       0x12 /home/ic/work/qf_apps/qf_helloworldhw/GCC_Project/output/s3x_lpm.o
                0x0000000000002fd0                SysTick_Handler
 *fill*         0x0000000000002fe2        0x2 
 .text.s3x_get_pi
                0x0000000000002fe4       0x20 /home/ic/work/qf_apps/qf_helloworldhw/GCC_Project/output/s3x_pi.o
                0x0000000000002fe4                s3x_get_pi
 .text.s3x_get_pi_gindex
                0x0000000000003004       0x14 /home/ic/work/qf_apps/qf_helloworldhw/GCC_Project/output/s3x_pi.o
                0x0000000000003004                s3x_get_pi_gindex
 .text.s3x_pi_get_st
                0x0000000000003018       0x24 /home/ic/work/qf_apps/qf_helloworldhw/GCC_Project/output/s3x_pi.o
                0x0000000000003018                s3x_pi_get_st
 .text.s3x_pi_set_cfg_st
                0x000000000000303c       0x94 /home/ic/work/qf_apps/qf_helloworldhw/GCC_Project/output/s3x_pi.o
                0x000000000000303c                s3x_pi_set_cfg_st
 .text.s3x_pi_set_active_st
                0x00000000000030d0       0xa4 /home/ic/work/qf_apps/qf_helloworldhw/GCC_Project/output/s3x_pi.o
                0x00000000000030d0                s3x_pi_set_active_st
 .text.s3x_pi_get_clkg_st
                0x0000000000003174       0x36 /home/ic/work/qf_apps/qf_helloworldhw/GCC_Project/output/s3x_pi.o
                0x0000000000003174                s3x_pi_get_clkg_st
 .text.s3x_pi_set_clkg_st
                0x00000000000031aa       0x26 /home/ic/work/qf_apps/qf_helloworldhw/GCC_Project/output/s3x_pi.o
                0x00000000000031aa                s3x_pi_set_clkg_st
 .text.s3x_set_pi_state
                0x00000000000031d0        0xc /home/ic/work/qf_apps/qf_helloworldhw/GCC_Project/output/s3x_pi.o
                0x00000000000031d0                s3x_set_pi_state
 .text.s3x_get_pi_init_state
                0x00000000000031dc       0x18 /home/ic/work/qf_apps/qf_helloworldhw/GCC_Project/output/s3x_pi.o
                0x00000000000031dc                s3x_get_pi_init_state
 .text.S3x_pi_init
                0x00000000000031f4       0x20 /home/ic/work/qf_apps/qf_helloworldhw/GCC_Project/output/s3x_pi.o
                0x00000000000031f4                S3x_pi_init
 .text.S3x_pwrcfg_init
                0x0000000000003214       0x2c /home/ic/work/qf_apps/qf_helloworldhw/GCC_Project/output/s3x_pwrcfg.o
                0x0000000000003214                S3x_pwrcfg_init
 .text.S3x_get_qos_rate
                0x0000000000003240       0x38 /home/ic/work/qf_apps/qf_helloworldhw/GCC_Project/output/s3x_qos.o
                0x0000000000003240                S3x_get_qos_rate
 .text.save_assert_info
                0x0000000000003278       0x74 /home/ic/work/qf_apps/qf_helloworldhw/GCC_Project/output/sec_debug.o
                0x0000000000003278                save_assert_info
 .text.invoke_soft_fault
                0x00000000000032ec       0x20 /home/ic/work/qf_apps/qf_helloworldhw/GCC_Project/output/sec_debug.o
                0x00000000000032ec                invoke_soft_fault
 .text.Reset_Handler
                0x000000000000330c       0x2c /home/ic/work/qf_apps/qf_helloworldhw/GCC_Project/output/startup_EOSS3B_GCC.o
                0x000000000000330c                Reset_Handler
 .text.__semihost_call
                0x0000000000003338        0x6 /home/ic/work/qf_apps/qf_helloworldhw/GCC_Project/output/startup_EOSS3B_GCC.o
                0x0000000000003338                __semihost_call
 *fill*         0x000000000000333e        0x2 
 .text.prvResetNextTaskUnblockTime
                0x0000000000003340       0x24 /home/ic/work/qf_apps/qf_helloworldhw/GCC_Project/output/tasks.o
 .text.prvAddCurrentTaskToDelayedList
                0x0000000000003364       0x8c /home/ic/work/qf_apps/qf_helloworldhw/GCC_Project/output/tasks.o
 .text.vTaskSuspendAll
                0x00000000000033f0       0x10 /home/ic/work/qf_apps/qf_helloworldhw/GCC_Project/output/tasks.o
                0x00000000000033f0                vTaskSuspendAll
 .text.xTaskGetTickCount
                0x0000000000003400        0xc /home/ic/work/qf_apps/qf_helloworldhw/GCC_Project/output/tasks.o
                0x0000000000003400                xTaskGetTickCount
 .text.xTaskIncrementTick
                0x000000000000340c      0x14c /home/ic/work/qf_apps/qf_helloworldhw/GCC_Project/output/tasks.o
                0x000000000000340c                xTaskIncrementTick
 .text.xTaskResumeAll
                0x0000000000003558      0x100 /home/ic/work/qf_apps/qf_helloworldhw/GCC_Project/output/tasks.o
                0x0000000000003558                xTaskResumeAll
 .text.vTaskSwitchContext
                0x0000000000003658       0xb8 /home/ic/work/qf_apps/qf_helloworldhw/GCC_Project/output/tasks.o
                0x0000000000003658                vTaskSwitchContext
 .text.vTaskPlaceOnEventList
                0x0000000000003710       0x48 /home/ic/work/qf_apps/qf_helloworldhw/GCC_Project/output/tasks.o
                0x0000000000003710                vTaskPlaceOnEventList
 .text.xTaskRemoveFromEventList
                0x0000000000003758       0x9c /home/ic/work/qf_apps/qf_helloworldhw/GCC_Project/output/tasks.o
                0x0000000000003758                xTaskRemoveFromEventList
 .text.vTaskInternalSetTimeOutState
                0x00000000000037f4       0x18 /home/ic/work/qf_apps/qf_helloworldhw/GCC_Project/output/tasks.o
                0x00000000000037f4                vTaskInternalSetTimeOutState
 .text.xTaskCheckForTimeOut
                0x000000000000380c       0x94 /home/ic/work/qf_apps/qf_helloworldhw/GCC_Project/output/tasks.o
                0x000000000000380c                xTaskCheckForTimeOut
 .text.vTaskMissedYield
                0x00000000000038a0        0xc /home/ic/work/qf_apps/qf_helloworldhw/GCC_Project/output/tasks.o
                0x00000000000038a0                vTaskMissedYield
 .text.uxTaskGetTCBNumber
                0x00000000000038ac       0x14 /home/ic/work/qf_apps/qf_helloworldhw/GCC_Project/output/tasks.o
                0x00000000000038ac                uxTaskGetTCBNumber
 .text.xTaskGetCurrentTaskHandle
                0x00000000000038c0        0xc /home/ic/work/qf_apps/qf_helloworldhw/GCC_Project/output/tasks.o
                0x00000000000038c0                xTaskGetCurrentTaskHandle
 .text.xTaskGetSchedulerState
                0x00000000000038cc       0x20 /home/ic/work/qf_apps/qf_helloworldhw/GCC_Project/output/tasks.o
                0x00000000000038cc                xTaskGetSchedulerState
 .text.xTaskPriorityInherit
                0x00000000000038ec       0xa8 /home/ic/work/qf_apps/qf_helloworldhw/GCC_Project/output/tasks.o
                0x00000000000038ec                xTaskPriorityInherit
 .text.xTaskPriorityDisinherit
                0x0000000000003994       0xc4 /home/ic/work/qf_apps/qf_helloworldhw/GCC_Project/output/tasks.o
                0x0000000000003994                xTaskPriorityDisinherit
 .text.vTaskPriorityDisinheritAfterTimeout
                0x0000000000003a58       0xd8 /home/ic/work/qf_apps/qf_helloworldhw/GCC_Project/output/tasks.o
                0x0000000000003a58                vTaskPriorityDisinheritAfterTimeout
 .text.pvTaskIncrementMutexHeldCount
                0x0000000000003b30       0x18 /home/ic/work/qf_apps/qf_helloworldhw/GCC_Project/output/tasks.o
                0x0000000000003b30                pvTaskIncrementMutexHeldCount
 .text.prvCheckForValidListAndQueue
                0x0000000000003b48       0x58 /home/ic/work/qf_apps/qf_helloworldhw/GCC_Project/output/timers.o
 .text.xTimerCreate
                0x0000000000003ba0       0x58 /home/ic/work/qf_apps/qf_helloworldhw/GCC_Project/output/timers.o
                0x0000000000003ba0                xTimerCreate
 .text.xTimerGenericCommand
                0x0000000000003bf8       0x70 /home/ic/work/qf_apps/qf_helloworldhw/GCC_Project/output/timers.o
                0x0000000000003bf8                xTimerGenericCommand
 .text.exit     0x0000000000003c68       0x28 /opt/gcc-arm-none-eabi-9-2020-q2-update/bin/../lib/gcc/arm-none-eabi/9.3.1/../../../../arm-none-eabi/lib/thumb/v7e-m+fp/hard/libg_nano.a(lib_a-exit.o)
                0x0000000000003c68                exit
 .text.__libc_init_array
                0x0000000000003c90       0x48 /opt/gcc-arm-none-eabi-9-2020-q2-update/bin/../lib/gcc/arm-none-eabi/9.3.1/../../../../arm-none-eabi/lib/thumb/v7e-m+fp/hard/libg_nano.a(lib_a-init.o)
                0x0000000000003c90                __libc_init_array
 .text.memcpy   0x0000000000003cd8       0x1c /opt/gcc-arm-none-eabi-9-2020-q2-update/bin/../lib/gcc/arm-none-eabi/9.3.1/../../../../arm-none-eabi/lib/thumb/v7e-m+fp/hard/libg_nano.a(lib_a-memcpy-stub.o)
                0x0000000000003cd8                memcpy
 .text.memset   0x0000000000003cf4       0x10 /opt/gcc-arm-none-eabi-9-2020-q2-update/bin/../lib/gcc/arm-none-eabi/9.3.1/../../../../arm-none-eabi/lib/thumb/v7e-m+fp/hard/libg_nano.a(lib_a-memset.o)
                0x0000000000003cf4                memset
 .text._free_r  0x0000000000003d04       0xa0 /opt/gcc-arm-none-eabi-9-2020-q2-update/bin/../lib/gcc/arm-none-eabi/9.3.1/../../../../arm-none-eabi/lib/thumb/v7e-m+fp/hard/libg_nano.a(lib_a-nano-freer.o)
                0x0000000000003d04                _free_r
 .text._malloc_r
                0x0000000000003da4       0xb4 /opt/gcc-arm-none-eabi-9-2020-q2-update/bin/../lib/gcc/arm-none-eabi/9.3.1/../../../../arm-none-eabi/lib/thumb/v7e-m+fp/hard/libg_nano.a(lib_a-nano-mallocr.o)
                0x0000000000003da4                _malloc_r
 .text.printf   0x0000000000003e58       0x30 /opt/gcc-arm-none-eabi-9-2020-q2-update/bin/../lib/gcc/arm-none-eabi/9.3.1/../../../../arm-none-eabi/lib/thumb/v7e-m+fp/hard/libg_nano.a(lib_a-printf.o)
                0x0000000000003e58                printf
                0x0000000000003e58                iprintf
 .text._puts_r  0x0000000000003e88       0xdc /opt/gcc-arm-none-eabi-9-2020-q2-update/bin/../lib/gcc/arm-none-eabi/9.3.1/../../../../arm-none-eabi/lib/thumb/v7e-m+fp/hard/libg_nano.a(lib_a-puts.o)
                0x0000000000003e88                _puts_r
 .text.puts     0x0000000000003f64       0x10 /opt/gcc-arm-none-eabi-9-2020-q2-update/bin/../lib/gcc/arm-none-eabi/9.3.1/../../../../arm-none-eabi/lib/thumb/v7e-m+fp/hard/libg_nano.a(lib_a-puts.o)
                0x0000000000003f64                puts
 .text._sbrk_r  0x0000000000003f74       0x20 /opt/gcc-arm-none-eabi-9-2020-q2-update/bin/../lib/gcc/arm-none-eabi/9.3.1/../../../../arm-none-eabi/lib/thumb/v7e-m+fp/hard/libg_nano.a(lib_a-sbrkr.o)
                0x0000000000003f74                _sbrk_r
 .text.snprintf
                0x0000000000003f94       0x68 /opt/gcc-arm-none-eabi-9-2020-q2-update/bin/../lib/gcc/arm-none-eabi/9.3.1/../../../../arm-none-eabi/lib/thumb/v7e-m+fp/hard/libg_nano.a(lib_a-snprintf.o)
                0x0000000000003f94                snprintf
                0x0000000000003f94                sniprintf
 .text.sprintf  0x0000000000003ffc       0x40 /opt/gcc-arm-none-eabi-9-2020-q2-update/bin/../lib/gcc/arm-none-eabi/9.3.1/../../../../arm-none-eabi/lib/thumb/v7e-m+fp/hard/libg_nano.a(lib_a-sprintf.o)
                0x0000000000003ffc                sprintf
                0x0000000000003ffc                siprintf
 .text.strchr   0x000000000000403c       0x1a /opt/gcc-arm-none-eabi-9-2020-q2-update/bin/../lib/gcc/arm-none-eabi/9.3.1/../../../../arm-none-eabi/lib/thumb/v7e-m+fp/hard/libg_nano.a(lib_a-strchr.o)
                0x000000000000403c                strchr
 .text.strcpy   0x0000000000004056       0x10 /opt/gcc-arm-none-eabi-9-2020-q2-update/bin/../lib/gcc/arm-none-eabi/9.3.1/../../../../arm-none-eabi/lib/thumb/v7e-m+fp/hard/libg_nano.a(lib_a-strcpy.o)
                0x0000000000004056                strcpy
 .text          0x0000000000004066       0x10 /opt/gcc-arm-none-eabi-9-2020-q2-update/bin/../lib/gcc/arm-none-eabi/9.3.1/../../../../arm-none-eabi/lib/thumb/v7e-m+fp/hard/libg_nano.a(lib_a-strlen.o)
                0x0000000000004066                strlen
 .text.strncpy  0x0000000000004076       0x26 /opt/gcc-arm-none-eabi-9-2020-q2-update/bin/../lib/gcc/arm-none-eabi/9.3.1/../../../../arm-none-eabi/lib/thumb/v7e-m+fp/hard/libg_nano.a(lib_a-strncpy.o)
                0x0000000000004076                strncpy
 .text.strrchr  0x000000000000409c       0x28 /opt/gcc-arm-none-eabi-9-2020-q2-update/bin/../lib/gcc/arm-none-eabi/9.3.1/../../../../arm-none-eabi/lib/thumb/v7e-m+fp/hard/libg_nano.a(lib_a-strrchr.o)
                0x000000000000409c                strrchr
 .text.__swbuf_r
                0x00000000000040c4       0xa4 /opt/gcc-arm-none-eabi-9-2020-q2-update/bin/../lib/gcc/arm-none-eabi/9.3.1/../../../../arm-none-eabi/lib/thumb/v7e-m+fp/hard/libg_nano.a(lib_a-wbuf.o)
                0x00000000000040c4                __swbuf_r
 .text.__swsetup_r
                0x0000000000004168       0xdc /opt/gcc-arm-none-eabi-9-2020-q2-update/bin/../lib/gcc/arm-none-eabi/9.3.1/../../../../arm-none-eabi/lib/thumb/v7e-m+fp/hard/libg_nano.a(lib_a-wsetup.o)
                0x0000000000004168                __swsetup_r
 .text.__sflush_r
                0x0000000000004244      0x10c /opt/gcc-arm-none-eabi-9-2020-q2-update/bin/../lib/gcc/arm-none-eabi/9.3.1/../../../../arm-none-eabi/lib/thumb/v7e-m+fp/hard/libg_nano.a(lib_a-fflush.o)
                0x0000000000004244                __sflush_r
 .text._fflush_r
                0x0000000000004350       0x78 /opt/gcc-arm-none-eabi-9-2020-q2-update/bin/../lib/gcc/arm-none-eabi/9.3.1/../../../../arm-none-eabi/lib/thumb/v7e-m+fp/hard/libg_nano.a(lib_a-fflush.o)
                0x0000000000004350                _fflush_r
 .text.std      0x00000000000043c8       0x48 /opt/gcc-arm-none-eabi-9-2020-q2-update/bin/../lib/gcc/arm-none-eabi/9.3.1/../../../../arm-none-eabi/lib/thumb/v7e-m+fp/hard/libg_nano.a(lib_a-findfp.o)
 .text._cleanup_r
                0x0000000000004410        0xc /opt/gcc-arm-none-eabi-9-2020-q2-update/bin/../lib/gcc/arm-none-eabi/9.3.1/../../../../arm-none-eabi/lib/thumb/v7e-m+fp/hard/libg_nano.a(lib_a-findfp.o)
                0x0000000000004410                _cleanup_r
 .text.__sfmoreglue
                0x000000000000441c       0x2c /opt/gcc-arm-none-eabi-9-2020-q2-update/bin/../lib/gcc/arm-none-eabi/9.3.1/../../../../arm-none-eabi/lib/thumb/v7e-m+fp/hard/libg_nano.a(lib_a-findfp.o)
                0x000000000000441c                __sfmoreglue
 .text.__sfp_lock_acquire
                0x0000000000004448        0xc /opt/gcc-arm-none-eabi-9-2020-q2-update/bin/../lib/gcc/arm-none-eabi/9.3.1/../../../../arm-none-eabi/lib/thumb/v7e-m+fp/hard/libg_nano.a(lib_a-findfp.o)
                0x0000000000004448                __sfp_lock_acquire
 .text.__sfp_lock_release
                0x0000000000004454        0xc /opt/gcc-arm-none-eabi-9-2020-q2-update/bin/../lib/gcc/arm-none-eabi/9.3.1/../../../../arm-none-eabi/lib/thumb/v7e-m+fp/hard/libg_nano.a(lib_a-findfp.o)
                0x0000000000004454                __sfp_lock_release
 .text.__sinit_lock_acquire
                0x0000000000004460        0xc /opt/gcc-arm-none-eabi-9-2020-q2-update/bin/../lib/gcc/arm-none-eabi/9.3.1/../../../../arm-none-eabi/lib/thumb/v7e-m+fp/hard/libg_nano.a(lib_a-findfp.o)
                0x0000000000004460                __sinit_lock_acquire
 .text.__sinit_lock_release
                0x000000000000446c        0xc /opt/gcc-arm-none-eabi-9-2020-q2-update/bin/../lib/gcc/arm-none-eabi/9.3.1/../../../../arm-none-eabi/lib/thumb/v7e-m+fp/hard/libg_nano.a(lib_a-findfp.o)
                0x000000000000446c                __sinit_lock_release
 .text.__sinit  0x0000000000004478       0x70 /opt/gcc-arm-none-eabi-9-2020-q2-update/bin/../lib/gcc/arm-none-eabi/9.3.1/../../../../arm-none-eabi/lib/thumb/v7e-m+fp/hard/libg_nano.a(lib_a-findfp.o)
                0x0000000000004478                __sinit
 .text.__sfp    0x00000000000044e8       0x8c /opt/gcc-arm-none-eabi-9-2020-q2-update/bin/../lib/gcc/arm-none-eabi/9.3.1/../../../../arm-none-eabi/lib/thumb/v7e-m+fp/hard/libg_nano.a(lib_a-findfp.o)
                0x00000000000044e8                __sfp
 .text._fwalk_reent
                0x0000000000004574       0x3e /opt/gcc-arm-none-eabi-9-2020-q2-update/bin/../lib/gcc/arm-none-eabi/9.3.1/../../../../arm-none-eabi/lib/thumb/v7e-m+fp/hard/libg_nano.a(lib_a-fwalk.o)
                0x0000000000004574                _fwalk_reent
 .text.__retarget_lock_init_recursive
                0x00000000000045b2        0x2 /opt/gcc-arm-none-eabi-9-2020-q2-update/bin/../lib/gcc/arm-none-eabi/9.3.1/../../../../arm-none-eabi/lib/thumb/v7e-m+fp/hard/libg_nano.a(lib_a-lock.o)
                0x00000000000045b2                __retarget_lock_init_recursive
 .text.__retarget_lock_acquire_recursive
                0x00000000000045b4        0x2 /opt/gcc-arm-none-eabi-9-2020-q2-update/bin/../lib/gcc/arm-none-eabi/9.3.1/../../../../arm-none-eabi/lib/thumb/v7e-m+fp/hard/libg_nano.a(lib_a-lock.o)
                0x00000000000045b4                __retarget_lock_acquire_recursive
 .text.__retarget_lock_release_recursive
                0x00000000000045b6        0x2 /opt/gcc-arm-none-eabi-9-2020-q2-update/bin/../lib/gcc/arm-none-eabi/9.3.1/../../../../arm-none-eabi/lib/thumb/v7e-m+fp/hard/libg_nano.a(lib_a-lock.o)
                0x00000000000045b6                __retarget_lock_release_recursive
 .text.__swhatbuf_r
                0x00000000000045b8       0x48 /opt/gcc-arm-none-eabi-9-2020-q2-update/bin/../lib/gcc/arm-none-eabi/9.3.1/../../../../arm-none-eabi/lib/thumb/v7e-m+fp/hard/libg_nano.a(lib_a-makebuf.o)
                0x00000000000045b8                __swhatbuf_r
 .text.__smakebuf_r
                0x0000000000004600       0x80 /opt/gcc-arm-none-eabi-9-2020-q2-update/bin/../lib/gcc/arm-none-eabi/9.3.1/../../../../arm-none-eabi/lib/thumb/v7e-m+fp/hard/libg_nano.a(lib_a-makebuf.o)
                0x0000000000004600                __smakebuf_r
 .text.__malloc_lock
                0x0000000000004680        0xc /opt/gcc-arm-none-eabi-9-2020-q2-update/bin/../lib/gcc/arm-none-eabi/9.3.1/../../../../arm-none-eabi/lib/thumb/v7e-m+fp/hard/libg_nano.a(lib_a-mlock.o)
                0x0000000000004680                __malloc_lock
 .text.__malloc_unlock
                0x000000000000468c        0xc /opt/gcc-arm-none-eabi-9-2020-q2-update/bin/../lib/gcc/arm-none-eabi/9.3.1/../../../../arm-none-eabi/lib/thumb/v7e-m+fp/hard/libg_nano.a(lib_a-mlock.o)
                0x000000000000468c                __malloc_unlock
 .text.__ssputs_r
                0x0000000000004698       0xb6 /opt/gcc-arm-none-eabi-9-2020-q2-update/bin/../lib/gcc/arm-none-eabi/9.3.1/../../../../arm-none-eabi/lib/thumb/v7e-m+fp/hard/libg_nano.a(lib_a-nano-svfprintf.o)
                0x0000000000004698                __ssputs_r
 *fill*         0x000000000000474e        0x2 
 .text._svfprintf_r
                0x0000000000004750      0x200 /opt/gcc-arm-none-eabi-9-2020-q2-update/bin/../lib/gcc/arm-none-eabi/9.3.1/../../../../arm-none-eabi/lib/thumb/v7e-m+fp/hard/libg_nano.a(lib_a-nano-svfprintf.o)
                0x0000000000004750                _svfprintf_r
                0x0000000000004750                _svfiprintf_r
 .text.__sfputc_r
                0x0000000000004950       0x2e /opt/gcc-arm-none-eabi-9-2020-q2-update/bin/../lib/gcc/arm-none-eabi/9.3.1/../../../../arm-none-eabi/lib/thumb/v7e-m+fp/hard/libg_nano.a(lib_a-nano-vfprintf.o)
 .text.__sfputs_r
                0x000000000000497e       0x24 /opt/gcc-arm-none-eabi-9-2020-q2-update/bin/../lib/gcc/arm-none-eabi/9.3.1/../../../../arm-none-eabi/lib/thumb/v7e-m+fp/hard/libg_nano.a(lib_a-nano-vfprintf.o)
                0x000000000000497e                __sfputs_r
 *fill*         0x00000000000049a2        0x2 
 .text._vfprintf_r
                0x00000000000049a4      0x260 /opt/gcc-arm-none-eabi-9-2020-q2-update/bin/../lib/gcc/arm-none-eabi/9.3.1/../../../../arm-none-eabi/lib/thumb/v7e-m+fp/hard/libg_nano.a(lib_a-nano-vfprintf.o)
                0x00000000000049a4                _vfiprintf_r
                0x00000000000049a4                _vfprintf_r
 .text._printf_common
                0x0000000000004c04       0xda /opt/gcc-arm-none-eabi-9-2020-q2-update/bin/../lib/gcc/arm-none-eabi/9.3.1/../../../../arm-none-eabi/lib/thumb/v7e-m+fp/hard/libg_nano.a(lib_a-nano-vfprintf_i.o)
                0x0000000000004c04                _printf_common
 *fill*         0x0000000000004cde        0x2 
 .text._printf_i
                0x0000000000004ce0      0x24c /opt/gcc-arm-none-eabi-9-2020-q2-update/bin/../lib/gcc/arm-none-eabi/9.3.1/../../../../arm-none-eabi/lib/thumb/v7e-m+fp/hard/libg_nano.a(lib_a-nano-vfprintf_i.o)
                0x0000000000004ce0                _printf_i
 .text.__sread  0x0000000000004f2c       0x22 /opt/gcc-arm-none-eabi-9-2020-q2-update/bin/../lib/gcc/arm-none-eabi/9.3.1/../../../../arm-none-eabi/lib/thumb/v7e-m+fp/hard/libg_nano.a(lib_a-stdio.o)
                0x0000000000004f2c                __sread
 .text.__swrite
                0x0000000000004f4e       0x38 /opt/gcc-arm-none-eabi-9-2020-q2-update/bin/../lib/gcc/arm-none-eabi/9.3.1/../../../../arm-none-eabi/lib/thumb/v7e-m+fp/hard/libg_nano.a(lib_a-stdio.o)
                0x0000000000004f4e                __swrite
 .text.__sseek  0x0000000000004f86       0x24 /opt/gcc-arm-none-eabi-9-2020-q2-update/bin/../lib/gcc/arm-none-eabi/9.3.1/../../../../arm-none-eabi/lib/thumb/v7e-m+fp/hard/libg_nano.a(lib_a-stdio.o)
                0x0000000000004f86                __sseek
 .text.__sclose
                0x0000000000004faa        0x8 /opt/gcc-arm-none-eabi-9-2020-q2-update/bin/../lib/gcc/arm-none-eabi/9.3.1/../../../../arm-none-eabi/lib/thumb/v7e-m+fp/hard/libg_nano.a(lib_a-stdio.o)
                0x0000000000004faa                __sclose
 *fill*         0x0000000000004fb2        0x2 
 .text._write_r
                0x0000000000004fb4       0x24 /opt/gcc-arm-none-eabi-9-2020-q2-update/bin/../lib/gcc/arm-none-eabi/9.3.1/../../../../arm-none-eabi/lib/thumb/v7e-m+fp/hard/libg_nano.a(lib_a-writer.o)
                0x0000000000004fb4                _write_r
 .text._close_r
                0x0000000000004fd8       0x20 /opt/gcc-arm-none-eabi-9-2020-q2-update/bin/../lib/gcc/arm-none-eabi/9.3.1/../../../../arm-none-eabi/lib/thumb/v7e-m+fp/hard/libg_nano.a(lib_a-closer.o)
                0x0000000000004fd8                _close_r
 .text._fstat_r
                0x0000000000004ff8       0x24 /opt/gcc-arm-none-eabi-9-2020-q2-update/bin/../lib/gcc/arm-none-eabi/9.3.1/../../../../arm-none-eabi/lib/thumb/v7e-m+fp/hard/libg_nano.a(lib_a-fstatr.o)
                0x0000000000004ff8                _fstat_r
 .text._isatty_r
                0x000000000000501c       0x20 /opt/gcc-arm-none-eabi-9-2020-q2-update/bin/../lib/gcc/arm-none-eabi/9.3.1/../../../../arm-none-eabi/lib/thumb/v7e-m+fp/hard/libg_nano.a(lib_a-isattyr.o)
                0x000000000000501c                _isatty_r
 .text._lseek_r
                0x000000000000503c       0x24 /opt/gcc-arm-none-eabi-9-2020-q2-update/bin/../lib/gcc/arm-none-eabi/9.3.1/../../../../arm-none-eabi/lib/thumb/v7e-m+fp/hard/libg_nano.a(lib_a-lseekr.o)
                0x000000000000503c                _lseek_r
 .text          0x0000000000005060       0xa0 /opt/gcc-arm-none-eabi-9-2020-q2-update/bin/../lib/gcc/arm-none-eabi/9.3.1/../../../../arm-none-eabi/lib/thumb/v7e-m+fp/hard/libg_nano.a(lib_a-memchr.o)
                0x0000000000005060                memchr
 .text.memmove  0x0000000000005100       0x34 /opt/gcc-arm-none-eabi-9-2020-q2-update/bin/../lib/gcc/arm-none-eabi/9.3.1/../../../../arm-none-eabi/lib/thumb/v7e-m+fp/hard/libg_nano.a(lib_a-memmove.o)
                0x0000000000005100                memmove
 .text._realloc_r
                0x0000000000005134       0x4c /opt/gcc-arm-none-eabi-9-2020-q2-update/bin/../lib/gcc/arm-none-eabi/9.3.1/../../../../arm-none-eabi/lib/thumb/v7e-m+fp/hard/libg_nano.a(lib_a-nano-reallocr.o)
                0x0000000000005134                _realloc_r
 .text._read_r  0x0000000000005180       0x24 /opt/gcc-arm-none-eabi-9-2020-q2-update/bin/../lib/gcc/arm-none-eabi/9.3.1/../../../../arm-none-eabi/lib/thumb/v7e-m+fp/hard/libg_nano.a(lib_a-readr.o)
                0x0000000000005180                _read_r
 .text._malloc_usable_size_r
                0x00000000000051a4       0x10 /opt/gcc-arm-none-eabi-9-2020-q2-update/bin/../lib/gcc/arm-none-eabi/9.3.1/../../../../arm-none-eabi/lib/thumb/v7e-m+fp/hard/libg_nano.a(lib_a-nano-msizer.o)
                0x00000000000051a4                _malloc_usable_size_r
 .text._fstat   0x00000000000051b4       0x10 /opt/gcc-arm-none-eabi-9-2020-q2-update/bin/../lib/gcc/arm-none-eabi/9.3.1/../../../../arm-none-eabi/lib/thumb/v7e-m+fp/hard/libnosys.a(fstat.o)
                0x00000000000051b4                _fstat
 .text._isatty  0x00000000000051c4       0x10 /opt/gcc-arm-none-eabi-9-2020-q2-update/bin/../lib/gcc/arm-none-eabi/9.3.1/../../../../arm-none-eabi/lib/thumb/v7e-m+fp/hard/libnosys.a(isatty.o)
                0x00000000000051c4                _isatty
 .text._sbrk    0x00000000000051d4       0x1c /opt/gcc-arm-none-eabi-9-2020-q2-update/bin/../lib/gcc/arm-none-eabi/9.3.1/../../../../arm-none-eabi/lib/thumb/v7e-m+fp/hard/libnosys.a(sbrk.o)
                0x00000000000051d4                _sbrk
 .text._exit    0x00000000000051f0        0x4 /opt/gcc-arm-none-eabi-9-2020-q2-update/bin/../lib/gcc/arm-none-eabi/9.3.1/../../../../arm-none-eabi/lib/thumb/v7e-m+fp/hard/libnosys.a(_exit.o)
                0x00000000000051f0                _exit
 *(.init)
 .init          0x00000000000051f4        0x4 /opt/gcc-arm-none-eabi-9-2020-q2-update/bin/../lib/gcc/arm-none-eabi/9.3.1/thumb/v7e-m+fp/hard/crti.o
                0x00000000000051f4                _init
 .init          0x00000000000051f8        0x8 /opt/gcc-arm-none-eabi-9-2020-q2-update/bin/../lib/gcc/arm-none-eabi/9.3.1/thumb/v7e-m+fp/hard/crtn.o
 *(.fini)
 .fini          0x0000000000005200        0x4 /opt/gcc-arm-none-eabi-9-2020-q2-update/bin/../lib/gcc/arm-none-eabi/9.3.1/thumb/v7e-m+fp/hard/crti.o
                0x0000000000005200                _fini
 .fini          0x0000000000005204        0x8 /opt/gcc-arm-none-eabi-9-2020-q2-update/bin/../lib/gcc/arm-none-eabi/9.3.1/thumb/v7e-m+fp/hard/crtn.o
 *crtbegin.o(.ctors)
 *crtbegin?.o(.ctors)
 *(EXCLUDE_FILE(*crtend.o *crtend?.o) .ctors)
 *(SORT_BY_NAME(.ctors.*))
 *(.ctors)
 *crtbegin.o(.dtors)
 *crtbegin?.o(.dtors)
 *(EXCLUDE_FILE(*crtend.o *crtend?.o) .dtors)
 *(SORT_BY_NAME(.dtors.*))
 *(.dtors)
 *(.rodata*)
 .rodata.dbg_str.str1.1
                0x000000000000520c        0x3 /home/ic/work/qf_apps/qf_helloworldhw/GCC_Project/output/dbg_uart.o
 .rodata._colon_tt.8567
                0x000000000000520f        0x4 /home/ic/work/qf_apps/qf_helloworldhw/GCC_Project/output/dbg_uart.o
 .rodata.HAL_PAD_Config.str1.1
                0x0000000000005213       0x5a /home/ic/work/qf_apps/qf_helloworldhw/GCC_Project/output/eoss3_hal_pad_config.o
 .rodata.IO_INPUT_PAD_SEL
                0x000000000000526d       0x10 /home/ic/work/qf_apps/qf_helloworldhw/GCC_Project/output/eoss3_hal_pad_config.o
                0x000000000000526d                IO_INPUT_PAD_SEL
 .rodata.SEL_EXT_PAD_REGS
                0x000000000000527d      0x160 /home/ic/work/qf_apps/qf_helloworldhw/GCC_Project/output/eoss3_hal_pad_config.o
                0x000000000000527d                SEL_EXT_PAD_REGS
 .rodata.unlock_spi1_bus.str1.1
                0x00000000000053dd       0x36 /home/ic/work/qf_apps/qf_helloworldhw/GCC_Project/output/eoss3_hal_spi.o
 .rodata.SendEventToTimerThread.str1.1
                0x0000000000005413       0x82 /home/ic/work/qf_apps/qf_helloworldhw/GCC_Project/output/eoss3_hal_timer.o
 .rodata.HAL_Timer_ISR.str1.1
                0x0000000000005495       0x20 /home/ic/work/qf_apps/qf_helloworldhw/GCC_Project/output/eoss3_hal_timer.o
 .rodata.__FUNCTION__.9334
                0x00000000000054b5        0xe /home/ic/work/qf_apps/qf_helloworldhw/GCC_Project/output/eoss3_hal_timer.o
 .rodata.uart_init.str1.1
                0x00000000000054c3        0xc /home/ic/work/qf_apps/qf_helloworldhw/GCC_Project/output/eoss3_hal_uart.o
 *fill*         0x00000000000054cf        0x1 
 .rodata.CSWTCH.25
                0x00000000000054d0       0x28 /home/ic/work/qf_apps/qf_helloworldhw/GCC_Project/output/eoss3_hal_uart.o
 .rodata.WDT_ISR.str1.1
                0x00000000000054f8       0x4d /home/ic/work/qf_apps/qf_helloworldhw/GCC_Project/output/eoss3_hal_wdt.o
 .rodata.__FUNCTION__.8698
                0x0000000000005545        0x8 /home/ic/work/qf_apps/qf_helloworldhw/GCC_Project/output/eoss3_hal_wdt.o
 .rodata.spurious_interrupt.str1.1
                0x000000000000554d        0xd /home/ic/work/qf_apps/qf_helloworldhw/GCC_Project/output/exceptions.o
 .rodata.prvGetRegistersFromStack.str1.1
                0x000000000000555a       0x44 /home/ic/work/qf_apps/qf_helloworldhw/GCC_Project/output/exceptions.o
 .rodata.vApplicationMallocFailedHook.str1.1
                0x000000000000559e       0x20 /home/ic/work/qf_apps/qf_helloworldhw/GCC_Project/output/exceptions.o
 .rodata.vApplicationStackOverflowHook.str1.1
                0x00000000000055be       0x21 /home/ic/work/qf_apps/qf_helloworldhw/GCC_Project/output/exceptions.o
 .rodata.pvPortMalloc.str1.1
                0x00000000000055df       0x5e /home/ic/work/qf_apps/qf_helloworldhw/GCC_Project/output/heap_4.o
 .rodata.main.str1.1
                0x000000000000563d       0xa6 /home/ic/work/qf_apps/qf_helloworldhw/GCC_Project/output/main.o
                                         0xab (size before relaxing)
 .rodata.prvTaskExitError.str1.1
                0x00000000000056e3       0x71 /home/ic/work/qf_apps/qf_helloworldhw/GCC_Project/output/port.o
 .rodata.xQueueGenericReset.str1.1
                0x0000000000005754       0x4c /home/ic/work/qf_apps/qf_helloworldhw/GCC_Project/output/queue.o
 .rodata.S3x_Clk_Init.str1.1
                0x00000000000057a0       0x62 /home/ic/work/qf_apps/qf_helloworldhw/GCC_Project/output/s3x_clock.o
 .rodata.DFS_StartTimer.str1.1
                0x0000000000005802       0x63 /home/ic/work/qf_apps/qf_helloworldhw/GCC_Project/output/s3x_dfs.o
 .rodata.S3x_Set_Policy.str1.1
                0x0000000000005865       0x17 /home/ic/work/qf_apps/qf_helloworldhw/GCC_Project/output/s3x_dfs.o
 .rodata.s3x_pi_set_active_st.str1.1
                0x000000000000587c       0x2f /home/ic/work/qf_apps/qf_helloworldhw/GCC_Project/output/s3x_pi.o
 .rodata.__func__.9047
                0x00000000000058ab       0x15 /home/ic/work/qf_apps/qf_helloworldhw/GCC_Project/output/s3x_pi.o
 .rodata.save_assert_info.str1.1
                0x00000000000058c0       0x1c /home/ic/work/qf_apps/qf_helloworldhw/GCC_Project/output/sec_debug.o
 .rodata.invoke_soft_fault.str1.1
                0x00000000000058dc        0xc /home/ic/work/qf_apps/qf_helloworldhw/GCC_Project/output/sec_debug.o
 .rodata        0x00000000000058e8        0x8 /home/ic/work/qf_apps/qf_helloworldhw/GCC_Project/output/sec_debug.o
 .rodata.prvTaskIsTaskSuspended.str1.1
                0x00000000000058f0       0x4c /home/ic/work/qf_apps/qf_helloworldhw/GCC_Project/output/tasks.o
 .rodata.prvCheckForValidListAndQueue.str1.1
                0x000000000000593c        0x5 /home/ic/work/qf_apps/qf_helloworldhw/GCC_Project/output/timers.o
 .rodata.xTimerCreateTimerTask.str1.1
                0x0000000000005941       0x55 /home/ic/work/qf_apps/qf_helloworldhw/GCC_Project/output/timers.o
 *fill*         0x0000000000005996        0x2 
 .rodata._global_impure_ptr
                0x0000000000005998        0x4 /opt/gcc-arm-none-eabi-9-2020-q2-update/bin/../lib/gcc/arm-none-eabi/9.3.1/../../../../arm-none-eabi/lib/thumb/v7e-m+fp/hard/libg_nano.a(lib_a-impure.o)
                0x0000000000005998                _global_impure_ptr
 .rodata.__sf_fake_stderr
                0x000000000000599c       0x20 /opt/gcc-arm-none-eabi-9-2020-q2-update/bin/../lib/gcc/arm-none-eabi/9.3.1/../../../../arm-none-eabi/lib/thumb/v7e-m+fp/hard/libg_nano.a(lib_a-findfp.o)
                0x000000000000599c                __sf_fake_stderr
 .rodata.__sf_fake_stdin
                0x00000000000059bc       0x20 /opt/gcc-arm-none-eabi-9-2020-q2-update/bin/../lib/gcc/arm-none-eabi/9.3.1/../../../../arm-none-eabi/lib/thumb/v7e-m+fp/hard/libg_nano.a(lib_a-findfp.o)
                0x00000000000059bc                __sf_fake_stdin
 .rodata.__sf_fake_stdout
                0x00000000000059dc       0x20 /opt/gcc-arm-none-eabi-9-2020-q2-update/bin/../lib/gcc/arm-none-eabi/9.3.1/../../../../arm-none-eabi/lib/thumb/v7e-m+fp/hard/libg_nano.a(lib_a-findfp.o)
                0x00000000000059dc                __sf_fake_stdout
 .rodata._svfprintf_r.str1.1
                0x00000000000059fc       0x11 /opt/gcc-arm-none-eabi-9-2020-q2-update/bin/../lib/gcc/arm-none-eabi/9.3.1/../../../../arm-none-eabi/lib/thumb/v7e-m+fp/hard/libg_nano.a(lib_a-nano-svfprintf.o)
 .rodata._vfprintf_r.str1.1
                0x0000000000005a0d       0x11 /opt/gcc-arm-none-eabi-9-2020-q2-update/bin/../lib/gcc/arm-none-eabi/9.3.1/../../../../arm-none-eabi/lib/thumb/v7e-m+fp/hard/libg_nano.a(lib_a-nano-vfprintf.o)
 .rodata._printf_i.str1.1
                0x0000000000005a0d       0x22 /opt/gcc-arm-none-eabi-9-2020-q2-update/bin/../lib/gcc/arm-none-eabi/9.3.1/../../../../arm-none-eabi/lib/thumb/v7e-m+fp/hard/libg_nano.a(lib_a-nano-vfprintf_i.o)
 *(.eh_fram e*)

.eh_frame       0x0000000000005a30        0x0
 .eh_frame      0x0000000000005a30        0x0 /opt/gcc-arm-none-eabi-9-2020-q2-update/bin/../lib/gcc/arm-none-eabi/9.3.1/thumb/v7e-m+fp/hard/crtbegin.o

.glue_7         0x0000000000005a30        0x0
 .glue_7        0x0000000000005a30        0x0 linker stubs

.glue_7t        0x0000000000005a30        0x0
 .glue_7t       0x0000000000005a30        0x0 linker stubs

.vfp11_veneer   0x0000000000005a30        0x0
 .vfp11_veneer  0x0000000000005a30        0x0 linker stubs

.v4_bx          0x0000000000005a30        0x0
 .v4_bx         0x0000000000005a30        0x0 linker stubs

.iplt           0x0000000000005a30        0x0
 .iplt          0x0000000000005a30        0x0 /opt/gcc-arm-none-eabi-9-2020-q2-update/bin/../lib/gcc/arm-none-eabi/9.3.1/thumb/v7e-m+fp/hard/crtbegin.o

.ARM.extab
 *(.ARM.extab* .gnu.linkonce.armextab.*)
                0x0000000000005a2f                __exidx_start = .

.ARM.exidx      0x0000000000005a30        0x8
 *(.ARM.exidx* .gnu.linkonce.armexidx.*)
 .ARM.exidx     0x0000000000005a30        0x8 /opt/gcc-arm-none-eabi-9-2020-q2-update/bin/../lib/gcc/arm-none-eabi/9.3.1/../../../../arm-none-eabi/lib/thumb/v7e-m+fp/hard/crt0.o
                                         0x10 (size before relaxing)
                0x0000000000005a38                __exidx_end = .
                0x0000000000005a38                __etext = .
                0x0000000000005a38                _sidata = __etext

.rel.dyn        0x0000000000005a38        0x0
 .rel.iplt      0x0000000000005a38        0x0 /opt/gcc-arm-none-eabi-9-2020-q2-update/bin/../lib/gcc/arm-none-eabi/9.3.1/thumb/v7e-m+fp/hard/crtbegin.o

.data           0x0000000020027000    0x13224 load address 0x0000000000005a38
                0x0000000020027000                __data_start__ = .
                0x0000000020027000                _sdata = __data_start__
 *(vtable)
 *(.data*)
 .data._dbg_uart_id
                0x0000000020027000        0x4 /home/ic/work/qf_apps/qf_helloworldhw/GCC_Project/output/dbg_uart.o
                0x0000000020027000                _dbg_uart_id
 .data._semihost_handle
                0x0000000020027004        0x4 /home/ic/work/qf_apps/qf_helloworldhw/GCC_Project/output/dbg_uart.o
                0x0000000020027004                _semihost_handle
 .data.pcDbgBuffer
                0x0000000020027008        0x4 /home/ic/work/qf_apps/qf_helloworldhw/GCC_Project/output/dbg_uart.o
                0x0000000020027008                pcDbgBuffer
 .data.pcDbgBufferLim
                0x000000002002700c        0x4 /home/ic/work/qf_apps/qf_helloworldhw/GCC_Project/output/dbg_uart.o
                0x000000002002700c                pcDbgBufferLim
 .data.rtc_alarm_interval
                0x0000000020027010        0x4 /home/ic/work/qf_apps/qf_helloworldhw/GCC_Project/output/eoss3_hal_rtc.o
 .data.axFPGABitStream
                0x0000000020027014    0x128b8 /home/ic/work/qf_apps/qf_helloworldhw/GCC_Project/output/main.o
                0x0000000020027014                axFPGABitStream
 .data.pincfg_table
                0x00000000200398cc      0x130 /home/ic/work/qf_apps/qf_helloworldhw/GCC_Project/output/pincfg_table.o
                0x00000000200398cc                pincfg_table
 .data.sizeof_pincfg_table
                0x00000000200399fc        0x4 /home/ic/work/qf_apps/qf_helloworldhw/GCC_Project/output/pincfg_table.o
                0x00000000200399fc                sizeof_pincfg_table
 .data.uxCriticalNesting
                0x0000000020039a00        0x4 /home/ic/work/qf_apps/qf_helloworldhw/GCC_Project/output/port.o
 .data.S3x_Clk_Domain_Gate_info
                0x0000000020039a04       0x90 /home/ic/work/qf_apps/qf_helloworldhw/GCC_Project/output/s3x_clock.o
                0x0000000020039a04                S3x_Clk_Domain_Gate_info
 .data.policyCurrent
                0x0000000020039a94        0x1 /home/ic/work/qf_apps/qf_helloworldhw/GCC_Project/output/s3x_dfs.o
 .data.s3x_dfs_enable
                0x0000000020039a95        0x1 /home/ic/work/qf_apps/qf_helloworldhw/GCC_Project/output/s3x_dfs.o
 .data.stepdown_clkd_index
                0x0000000020039a96        0x4 /home/ic/work/qf_apps/qf_helloworldhw/GCC_Project/output/s3x_dfs.o
                0x0000000020039a96                stepdown_clkd_index
 .data.stepup_clkd_index
                0x0000000020039a9a        0x4 /home/ic/work/qf_apps/qf_helloworldhw/GCC_Project/output/s3x_dfs.o
                0x0000000020039a9a                stepup_clkd_index
 .data.S3x_Gate_PI_info
                0x0000000020039a9e       0x48 /home/ic/work/qf_apps/qf_helloworldhw/GCC_Project/output/s3x_pi.o
                0x0000000020039a9e                S3x_Gate_PI_info
 .data.S3Pi     0x0000000020039ae6      0x1dc /home/ic/work/qf_apps/qf_helloworldhw/GCC_Project/output/s3x_pwrcfg.o
                0x0000000020039ae6                S3Pi
 *fill*         0x0000000020039cc2        0x2 
 .data.S3clk    0x0000000020039cc4      0x450 /home/ic/work/qf_apps/qf_helloworldhw/GCC_Project/output/s3x_pwrcfg.o
                0x0000000020039cc4                S3clk
 .data.dfs_node
                0x000000002003a114       0xa0 /home/ic/work/qf_apps/qf_helloworldhw/GCC_Project/output/s3x_pwrcfg.o
                0x000000002003a114                dfs_node
 .data.policyInitial
                0x000000002003a1b4        0x1 /home/ic/work/qf_apps/qf_helloworldhw/GCC_Project/output/s3x_pwrcfg.o
                0x000000002003a1b4                policyInitial
 *fill*         0x000000002003a1b5        0x3 
 .data._impure_ptr
                0x000000002003a1b8        0x4 /opt/gcc-arm-none-eabi-9-2020-q2-update/bin/../lib/gcc/arm-none-eabi/9.3.1/../../../../arm-none-eabi/lib/thumb/v7e-m+fp/hard/libg_nano.a(lib_a-impure.o)
                0x000000002003a1b8                _impure_ptr
 .data.impure_data
                0x000000002003a1bc       0x60 /opt/gcc-arm-none-eabi-9-2020-q2-update/bin/../lib/gcc/arm-none-eabi/9.3.1/../../../../arm-none-eabi/lib/thumb/v7e-m+fp/hard/libg_nano.a(lib_a-impure.o)
                0x000000002003a21c                . = ALIGN (0x4)
                0x000000002003a21c                PROVIDE (__preinit_array_start = .)
 *(.preinit_array)
                0x000000002003a21c                PROVIDE (__preinit_array_end = .)
                0x000000002003a21c                . = ALIGN (0x4)
                0x000000002003a21c                PROVIDE (__init_array_start = .)
 *(SORT_BY_NAME(.init_array.*))
 *(.init_array)
 .init_array    0x000000002003a21c        0x4 /opt/gcc-arm-none-eabi-9-2020-q2-update/bin/../lib/gcc/arm-none-eabi/9.3.1/thumb/v7e-m+fp/hard/crtbegin.o
                0x000000002003a220                PROVIDE (__init_array_end = .)
                0x000000002003a220                . = ALIGN (0x4)
                [!provide]                        PROVIDE (__fini_array_start = .)
 *(SORT_BY_NAME(.fini_array.*))
 *(.fini_array)
 .fini_array    0x000000002003a220        0x4 /opt/gcc-arm-none-eabi-9-2020-q2-update/bin/../lib/gcc/arm-none-eabi/9.3.1/thumb/v7e-m+fp/hard/crtbegin.o
                [!provide]                        PROVIDE (__fini_array_end = .)
 *(.jcr*)
                0x000000002003a224                . = ALIGN (0x4)
                0x000000002003a224                __data_end__ = .
                0x000000002003a224                _edata = __data_end__

.igot.plt       0x000000002003a224        0x0 load address 0x0000000000018c5c
 .igot.plt      0x000000002003a224        0x0 /opt/gcc-arm-none-eabi-9-2020-q2-update/bin/../lib/gcc/arm-none-eabi/9.3.1/thumb/v7e-m+fp/hard/crtbegin.o

.Hardware       0x0000000020064000        0x0
                0x0000000020064000                __hwa_start__ = .
 *(*HWA*)
                0x0000000020064000                __hwa_end__ = .

.bss            0x000000002003a228     0xfc94
                0x000000002003a228                . = ALIGN (0x4)
                0x000000002003a228                __bss_start__ = .
                0x000000002003a228                _sbss = __bss_start__
 *(.bss*)
 .bss           0x000000002003a228       0x1c /opt/gcc-arm-none-eabi-9-2020-q2-update/bin/../lib/gcc/arm-none-eabi/9.3.1/thumb/v7e-m+fp/hard/crtbegin.o
 .bss.__debug_fatal__
                0x000000002003a244        0x4 /home/ic/work/qf_apps/qf_helloworldhw/GCC_Project/output/dbg_uart.o
                0x000000002003a244                __debug_fatal__
 .bss.fSkipSemi
                0x000000002003a248        0x1 /home/ic/work/qf_apps/qf_helloworldhw/GCC_Project/output/dbg_uart.o
                0x000000002003a248                fSkipSemi
 *fill*         0x000000002003a249        0x7 
 .bss.fPadIsConfig
                0x000000002003a250        0x8 /home/ic/work/qf_apps/qf_helloworldhw/GCC_Project/output/eoss3_hal_pad_config.o
                0x000000002003a250                fPadIsConfig
 .bss.rtc_cb_func
                0x000000002003a258        0x4 /home/ic/work/qf_apps/qf_helloworldhw/GCC_Project/output/eoss3_hal_rtc.o
 .bss.xLockSPI1Bus
                0x000000002003a25c        0x4 /home/ic/work/qf_apps/qf_helloworldhw/GCC_Project/output/eoss3_hal_spi.o
 .bss.xWaitForIntr
                0x000000002003a260        0x4 /home/ic/work/qf_apps/qf_helloworldhw/GCC_Project/output/eoss3_hal_spi.o
 .bss.TimerQueue
                0x000000002003a264        0x4 /home/ic/work/qf_apps/qf_helloworldhw/GCC_Project/output/eoss3_hal_timer.o
 .bss.TimerToExpire
                0x000000002003a268        0x4 /home/ic/work/qf_apps/qf_helloworldhw/GCC_Project/output/eoss3_hal_timer.o
 .bss.uart_vars
                0x000000002003a26c       0x44 /home/ic/work/qf_apps/qf_helloworldhw/GCC_Project/output/eoss3_hal_uart.o
 .bss.WDT_Handle
                0x000000002003a2b0       0x10 /home/ic/work/qf_apps/qf_helloworldhw/GCC_Project/output/eoss3_hal_wdt.o
 .bss.isrcount.8697
                0x000000002003a2c0        0x4 /home/ic/work/qf_apps/qf_helloworldhw/GCC_Project/output/eoss3_hal_wdt.o
 .bss.FB_ISR    0x000000002003a2c4       0x10 /home/ic/work/qf_apps/qf_helloworldhw/GCC_Project/output/exceptions.o
                0x000000002003a2c4                FB_ISR
 .bss.ucount    0x000000002003a2d4        0x4 /home/ic/work/qf_apps/qf_helloworldhw/GCC_Project/output/exceptions.o
                0x000000002003a2d4                ucount
 .bss.urxcount  0x000000002003a2d8        0x4 /home/ic/work/qf_apps/qf_helloworldhw/GCC_Project/output/exceptions.o
                0x000000002003a2d8                urxcount
 .bss.pxEnd     0x000000002003a2dc        0x4 /home/ic/work/qf_apps/qf_helloworldhw/GCC_Project/output/heap_4.o
 .bss.ucHeap    0x000000002003a2e0     0xf000 /home/ic/work/qf_apps/qf_helloworldhw/GCC_Project/output/heap_4.o
 .bss.xBlockAllocatedBit
                0x00000000200492e0        0x4 /home/ic/work/qf_apps/qf_helloworldhw/GCC_Project/output/heap_4.o
 .bss.xFreeBytesRemaining
                0x00000000200492e4        0x4 /home/ic/work/qf_apps/qf_helloworldhw/GCC_Project/output/heap_4.o
 .bss.xMinimumEverFreeBytesRemaining
                0x00000000200492e8        0x4 /home/ic/work/qf_apps/qf_helloworldhw/GCC_Project/output/heap_4.o
 .bss.xStart    0x00000000200492ec        0x8 /home/ic/work/qf_apps/qf_helloworldhw/GCC_Project/output/heap_4.o
 .bss.ucMaxSysCallPriority
                0x00000000200492f4        0x1 /home/ic/work/qf_apps/qf_helloworldhw/GCC_Project/output/port.o
 *fill*         0x00000000200492f5        0x3 
 .bss.ulMaxPRIGROUPValue
                0x00000000200492f8        0x4 /home/ic/work/qf_apps/qf_helloworldhw/GCC_Project/output/port.o
 .bss.uxGlobalQueueNumber
                0x00000000200492fc        0x4 /home/ic/work/qf_apps/qf_helloworldhw/GCC_Project/output/queue.o
 .bss.Hsosc     0x0000000020049300        0xc /home/ic/work/qf_apps/qf_helloworldhw/GCC_Project/output/s3x_clock.o
                0x0000000020049300                Hsosc
 .bss.ticksSleeptime
                0x000000002004930c        0x4 /home/ic/work/qf_apps/qf_helloworldhw/GCC_Project/output/s3x_cpuload.o
 .bss.DFS_TimerHandle
                0x0000000020049310        0x4 /home/ic/work/qf_apps/qf_helloworldhw/GCC_Project/output/s3x_dfs.o
 .bss.policyMaxrate
                0x0000000020049314        0x4 /home/ic/work/qf_apps/qf_helloworldhw/GCC_Project/output/s3x_dfs.o
 .bss.lpm_hnd   0x0000000020049318        0x4 /home/ic/work/qf_apps/qf_helloworldhw/GCC_Project/output/s3x_lpm.o
                0x0000000020049318                lpm_hnd
 .bss.qos_hnd   0x000000002004931c        0x4 /home/ic/work/qf_apps/qf_helloworldhw/GCC_Project/output/s3x_qos.o
                0x000000002004931c                qos_hnd
 .bss.pxCurrentTCB
                0x0000000020049320        0x4 /home/ic/work/qf_apps/qf_helloworldhw/GCC_Project/output/tasks.o
                0x0000000020049320                pxCurrentTCB
 .bss.pxDelayedTaskList
                0x0000000020049324        0x4 /home/ic/work/qf_apps/qf_helloworldhw/GCC_Project/output/tasks.o
 .bss.pxOverflowDelayedTaskList
                0x0000000020049328        0x4 /home/ic/work/qf_apps/qf_helloworldhw/GCC_Project/output/tasks.o
 .bss.pxReadyTasksLists
                0x000000002004932c      0x1b8 /home/ic/work/qf_apps/qf_helloworldhw/GCC_Project/output/tasks.o
 .bss.uxCurrentNumberOfTasks
                0x00000000200494e4        0x4 /home/ic/work/qf_apps/qf_helloworldhw/GCC_Project/output/tasks.o
 .bss.uxPendedTicks
                0x00000000200494e8        0x4 /home/ic/work/qf_apps/qf_helloworldhw/GCC_Project/output/tasks.o
 .bss.uxSchedulerSuspended
                0x00000000200494ec        0x4 /home/ic/work/qf_apps/qf_helloworldhw/GCC_Project/output/tasks.o
 .bss.uxTopReadyPriority
                0x00000000200494f0        0x4 /home/ic/work/qf_apps/qf_helloworldhw/GCC_Project/output/tasks.o
 .bss.xNextTaskUnblockTime
                0x00000000200494f4        0x4 /home/ic/work/qf_apps/qf_helloworldhw/GCC_Project/output/tasks.o
 .bss.xNumOfOverflows
                0x00000000200494f8        0x4 /home/ic/work/qf_apps/qf_helloworldhw/GCC_Project/output/tasks.o
 .bss.xPendingReadyList
                0x00000000200494fc       0x14 /home/ic/work/qf_apps/qf_helloworldhw/GCC_Project/output/tasks.o
 .bss.xSchedulerRunning
                0x0000000020049510        0x4 /home/ic/work/qf_apps/qf_helloworldhw/GCC_Project/output/tasks.o
 .bss.xSuspendedTaskList
                0x0000000020049514       0x14 /home/ic/work/qf_apps/qf_helloworldhw/GCC_Project/output/tasks.o
 .bss.xTickCount
                0x0000000020049528        0x4 /home/ic/work/qf_apps/qf_helloworldhw/GCC_Project/output/tasks.o
 .bss.xYieldPending
                0x000000002004952c        0x4 /home/ic/work/qf_apps/qf_helloworldhw/GCC_Project/output/tasks.o
 .bss.pxCurrentTimerList
                0x0000000020049530        0x4 /home/ic/work/qf_apps/qf_helloworldhw/GCC_Project/output/timers.o
 .bss.pxOverflowTimerList
                0x0000000020049534        0x4 /home/ic/work/qf_apps/qf_helloworldhw/GCC_Project/output/timers.o
 .bss.xActiveTimerList1
                0x0000000020049538       0x14 /home/ic/work/qf_apps/qf_helloworldhw/GCC_Project/output/timers.o
 .bss.xActiveTimerList2
                0x000000002004954c       0x14 /home/ic/work/qf_apps/qf_helloworldhw/GCC_Project/output/timers.o
 .bss.xTimerQueue
                0x0000000020049560        0x4 /home/ic/work/qf_apps/qf_helloworldhw/GCC_Project/output/timers.o
 .bss.__malloc_free_list
                0x0000000020049564        0x4 /opt/gcc-arm-none-eabi-9-2020-q2-update/bin/../lib/gcc/arm-none-eabi/9.3.1/../../../../arm-none-eabi/lib/thumb/v7e-m+fp/hard/libg_nano.a(lib_a-nano-mallocr.o)
                0x0000000020049564                __malloc_free_list
 .bss.__malloc_sbrk_start
                0x0000000020049568        0x4 /opt/gcc-arm-none-eabi-9-2020-q2-update/bin/../lib/gcc/arm-none-eabi/9.3.1/../../../../arm-none-eabi/lib/thumb/v7e-m+fp/hard/libg_nano.a(lib_a-nano-mallocr.o)
                0x0000000020049568                __malloc_sbrk_start
 .bss.heap_end.5507
                0x000000002004956c        0x4 /opt/gcc-arm-none-eabi-9-2020-q2-update/bin/../lib/gcc/arm-none-eabi/9.3.1/../../../../arm-none-eabi/lib/thumb/v7e-m+fp/hard/libnosys.a(sbrk.o)
 *(COMMON)
 COMMON         0x0000000020049570      0x800 /home/ic/work/qf_apps/qf_helloworldhw/GCC_Project/output/dbg_uart.o
                0x0000000020049570                acDbgBuffer
 COMMON         0x0000000020049d70        0x4 /home/ic/work/qf_apps/qf_helloworldhw/GCC_Project/output/eoss3_hal_spi.o
                0x0000000020049d70                SPIHandle
 COMMON         0x0000000020049d74        0x4 /home/ic/work/qf_apps/qf_helloworldhw/GCC_Project/output/eoss3_hal_uart.o
                0x0000000020049d74                uart_bad_tx_char
 COMMON         0x0000000020049d78       0x30 /home/ic/work/qf_apps/qf_helloworldhw/GCC_Project/output/exceptions.o
                0x0000000020049d78                gv_hardfault_args
                0x0000000020049da0                OD_On
                0x0000000020049da4                hardfault_loop
 COMMON         0x0000000020049da8        0x4 /home/ic/work/qf_apps/qf_helloworldhw/GCC_Project/output/main.o
                0x0000000020049da8                SOFTWARE_VERSION_STR
 COMMON         0x0000000020049dac      0x100 /home/ic/work/qf_apps/qf_helloworldhw/GCC_Project/output/queue.o
                0x0000000020049dac                xQueueRegistry
 COMMON         0x0000000020049eac        0x2 /home/ic/work/qf_apps/qf_helloworldhw/GCC_Project/output/s3x_pwrcfg.o
                0x0000000020049eac                S3_dfs_max_index
                0x0000000020049ead                S3clkd_size
 COMMON         0x0000000020049eae        0x9 /opt/gcc-arm-none-eabi-9-2020-q2-update/bin/../lib/gcc/arm-none-eabi/9.3.1/../../../../arm-none-eabi/lib/thumb/v7e-m+fp/hard/libg_nano.a(lib_a-lock.o)
                0x0000000020049eae                __lock___atexit_recursive_mutex
                0x0000000020049eaf                __lock___arc4random_mutex
                0x0000000020049eb0                __lock___env_recursive_mutex
                0x0000000020049eb1                __lock___sinit_recursive_mutex